Component: ARM Compiler 5.05 update 2 (build 169) Tool: armlink [4d0f33]

==============================================================================

Section Cross References

    usbd_cdc.o(i.USBD_CDC_DataOut) refers to usbd_conf.o(i.USBD_LL_GetRxDataSize) for USBD_LL_GetRxDataSize
    usbd_cdc.o(i.USBD_CDC_DeInit) refers to usbd_conf.o(i.USBD_LL_CloseEP) for USBD_LL_CloseEP
    usbd_cdc.o(i.USBD_CDC_DeInit) refers to malloc.o(i.free) for free
    usbd_cdc.o(i.USBD_CDC_GetDeviceQualifierDescriptor) refers to usbd_cdc.o(.data) for .data
    usbd_cdc.o(i.USBD_CDC_GetFSCfgDesc) refers to usbd_cdc.o(.data) for .data
    usbd_cdc.o(i.USBD_CDC_GetHSCfgDesc) refers to usbd_cdc.o(.data) for .data
    usbd_cdc.o(i.USBD_CDC_GetOtherSpeedCfgDesc) refers to usbd_cdc.o(.data) for .data
    usbd_cdc.o(i.USBD_CDC_Init) refers to usbd_conf.o(i.USBD_LL_OpenEP) for USBD_LL_OpenEP
    usbd_cdc.o(i.USBD_CDC_Init) refers to malloc.o(i.malloc) for malloc
    usbd_cdc.o(i.USBD_CDC_Init) refers to usbd_conf.o(i.USBD_LL_PrepareReceive) for USBD_LL_PrepareReceive
    usbd_cdc.o(i.USBD_CDC_ReceivePacket) refers to usbd_conf.o(i.USBD_LL_PrepareReceive) for USBD_LL_PrepareReceive
    usbd_cdc.o(i.USBD_CDC_Setup) refers to usbd_ioreq.o(i.USBD_CtlPrepareRx) for USBD_CtlPrepareRx
    usbd_cdc.o(i.USBD_CDC_Setup) refers to usbd_ioreq.o(i.USBD_CtlSendData) for USBD_CtlSendData
    usbd_cdc.o(i.USBD_CDC_Setup) refers to usbd_cdc.o(.data) for .data
    usbd_cdc.o(i.USBD_CDC_TransmitPacket) refers to usbd_conf.o(i.USBD_LL_Transmit) for USBD_LL_Transmit
    usbd_cdc.o(.data) refers to usbd_cdc.o(i.USBD_CDC_Init) for USBD_CDC_Init
    usbd_cdc.o(.data) refers to usbd_cdc.o(i.USBD_CDC_DeInit) for USBD_CDC_DeInit
    usbd_cdc.o(.data) refers to usbd_cdc.o(i.USBD_CDC_Setup) for USBD_CDC_Setup
    usbd_cdc.o(.data) refers to usbd_cdc.o(i.USBD_CDC_EP0_RxReady) for USBD_CDC_EP0_RxReady
    usbd_cdc.o(.data) refers to usbd_cdc.o(i.USBD_CDC_DataIn) for USBD_CDC_DataIn
    usbd_cdc.o(.data) refers to usbd_cdc.o(i.USBD_CDC_DataOut) for USBD_CDC_DataOut
    usbd_cdc.o(.data) refers to usbd_cdc.o(i.USBD_CDC_GetHSCfgDesc) for USBD_CDC_GetHSCfgDesc
    usbd_cdc.o(.data) refers to usbd_cdc.o(i.USBD_CDC_GetFSCfgDesc) for USBD_CDC_GetFSCfgDesc
    usbd_cdc.o(.data) refers to usbd_cdc.o(i.USBD_CDC_GetOtherSpeedCfgDesc) for USBD_CDC_GetOtherSpeedCfgDesc
    usbd_cdc.o(.data) refers to usbd_cdc.o(i.USBD_CDC_GetDeviceQualifierDescriptor) for USBD_CDC_GetDeviceQualifierDescriptor
    usbd_ctlreq.o(i.USBD_CtlError) refers to usbd_conf.o(i.USBD_LL_StallEP) for USBD_LL_StallEP
    usbd_ctlreq.o(i.USBD_GetDescriptor) refers to usbd_ctlreq.o(i.USBD_CtlError) for USBD_CtlError
    usbd_ctlreq.o(i.USBD_GetDescriptor) refers to usbd_ioreq.o(i.USBD_CtlSendData) for USBD_CtlSendData
    usbd_ctlreq.o(i.USBD_SetConfig) refers to usbd_core.o(i.USBD_ClrClassConfig) for USBD_ClrClassConfig
    usbd_ctlreq.o(i.USBD_SetConfig) refers to usbd_core.o(i.USBD_SetClassConfig) for USBD_SetClassConfig
    usbd_ctlreq.o(i.USBD_SetConfig) refers to usbd_ioreq.o(i.USBD_CtlSendStatus) for USBD_CtlSendStatus
    usbd_ctlreq.o(i.USBD_SetConfig) refers to usbd_ctlreq.o(i.USBD_CtlError) for USBD_CtlError
    usbd_ctlreq.o(i.USBD_SetConfig) refers to usbd_ctlreq.o(.data) for .data
    usbd_ctlreq.o(i.USBD_StdDevReq) refers to usbd_ctlreq.o(i.USBD_GetDescriptor) for USBD_GetDescriptor
    usbd_ctlreq.o(i.USBD_StdDevReq) refers to usbd_conf.o(i.USBD_LL_SetUSBAddress) for USBD_LL_SetUSBAddress
    usbd_ctlreq.o(i.USBD_StdDevReq) refers to usbd_ioreq.o(i.USBD_CtlSendStatus) for USBD_CtlSendStatus
    usbd_ctlreq.o(i.USBD_StdDevReq) refers to usbd_ctlreq.o(i.USBD_SetConfig) for USBD_SetConfig
    usbd_ctlreq.o(i.USBD_StdDevReq) refers to usbd_ctlreq.o(i.USBD_CtlError) for USBD_CtlError
    usbd_ctlreq.o(i.USBD_StdDevReq) refers to usbd_ioreq.o(i.USBD_CtlSendData) for USBD_CtlSendData
    usbd_ctlreq.o(i.USBD_StdEPReq) refers to usbd_conf.o(i.USBD_LL_StallEP) for USBD_LL_StallEP
    usbd_ctlreq.o(i.USBD_StdEPReq) refers to usbd_conf.o(i.USBD_LL_ClearStallEP) for USBD_LL_ClearStallEP
    usbd_ctlreq.o(i.USBD_StdEPReq) refers to usbd_ioreq.o(i.USBD_CtlSendStatus) for USBD_CtlSendStatus
    usbd_ctlreq.o(i.USBD_StdEPReq) refers to usbd_ctlreq.o(i.USBD_CtlError) for USBD_CtlError
    usbd_ctlreq.o(i.USBD_StdEPReq) refers to usbd_conf.o(i.USBD_LL_IsStallEP) for USBD_LL_IsStallEP
    usbd_ctlreq.o(i.USBD_StdEPReq) refers to usbd_ioreq.o(i.USBD_CtlSendData) for USBD_CtlSendData
    usbd_ctlreq.o(i.USBD_StdItfReq) refers to usbd_ioreq.o(i.USBD_CtlSendStatus) for USBD_CtlSendStatus
    usbd_ctlreq.o(i.USBD_StdItfReq) refers to usbd_ctlreq.o(i.USBD_CtlError) for USBD_CtlError
    usbd_ioreq.o(i.USBD_CtlContinueRx) refers to usbd_conf.o(i.USBD_LL_PrepareReceive) for USBD_LL_PrepareReceive
    usbd_ioreq.o(i.USBD_CtlContinueSendData) refers to usbd_conf.o(i.USBD_LL_Transmit) for USBD_LL_Transmit
[...]
    Removing stm32f4xx_hal_gpio.o(.rev16_text), (4 bytes).
    Removing stm32f4xx_hal_gpio.o(.revsh_text), (4 bytes).
    Removing stm32f4xx_hal_gpio.o(.rrx_text), (6 bytes).
    Removing stm32f4xx_hal_gpio.o(i.HAL_GPIO_DeInit), (272 bytes).
    Removing stm32f4xx_hal_gpio.o(i.HAL_GPIO_EXTI_Callback), (2 bytes).
    Removing stm32f4xx_hal_gpio.o(i.HAL_GPIO_EXTI_IRQHandler), (24 bytes).
    Removing stm32f4xx_hal_gpio.o(i.HAL_GPIO_LockPin), (34 bytes).
    Removing stm32f4xx_hal_gpio.o(i.HAL_GPIO_ReadPin), (10 bytes).
    Removing stm32f4xx_hal_gpio.o(i.HAL_GPIO_TogglePin), (8 bytes).
    Removing stm32f4xx_hal_gpio.o(i.HAL_GPIO_WritePin), (10 bytes).
    Removing stm32f4xx_hal_pcd_ex.o(.rev16_text), (4 bytes).
    Removing stm32f4xx_hal_pcd_ex.o(.revsh_text), (4 bytes).
    Removing stm32f4xx_hal_pcd_ex.o(.rrx_text), (6 bytes).
    Removing stm32f4xx_hal_rcc_ex.o(.rev16_text), (4 bytes).
    Removing stm32f4xx_hal_rcc_ex.o(.revsh_text), (4 bytes).
    Removing stm32f4xx_hal_rcc_ex.o(.rrx_text), (6 bytes).
    Removing stm32f4xx_hal_rcc_ex.o(i.HAL_RCCEx_GetPeriphCLKConfig), (80 bytes).
    Removing stm32f4xx_hal_rcc_ex.o(i.HAL_RCCEx_PeriphCLKConfig), (332 bytes).
    Removing stm32f4xx_hal_uart.o(.rev16_text), (4 bytes).
    Removing stm32f4xx_hal_uart.o(.revsh_text), (4 bytes).
    Removing stm32f4xx_hal_uart.o(.rrx_text), (6 bytes).
    Removing stm32f4xx_hal_uart.o(i.HAL_HalfDuplex_EnableReceiver), (48 bytes).
    Removing stm32f4xx_hal_uart.o(i.HAL_HalfDuplex_EnableTransmitter), (48 bytes).
    Removing stm32f4xx_hal_uart.o(i.HAL_HalfDuplex_Init), (104 bytes).
    Removing stm32f4xx_hal_uart.o(i.HAL_LIN_Init), (124 bytes).
    Removing stm32f4xx_hal_uart.o(i.HAL_LIN_SendBreak), (44 bytes).
    Removing stm32f4xx_hal_uart.o(i.HAL_MultiProcessor_EnterMuteMode), (44 bytes).
    Removing stm32f4xx_hal_uart.o(i.HAL_MultiProcessor_ExitMuteMode), (44 bytes).
    Removing stm32f4xx_hal_uart.o(i.HAL_MultiProcessor_Init), (138 bytes).
    Removing stm32f4xx_hal_uart.o(i.HAL_UART_DMAPause), (86 bytes).
    Removing stm32f4xx_hal_uart.o(i.HAL_UART_DMAResume), (102 bytes).
    Removing stm32f4xx_hal_uart.o(i.HAL_UART_DMAStop), (50 bytes).
    Removing stm32f4xx_hal_uart.o(i.HAL_UART_DeInit), (36 bytes).
    Removing stm32f4xx_hal_uart.o(i.HAL_UART_GetError), (4 bytes).
    Removing stm32f4xx_hal_uart.o(i.HAL_UART_GetState), (6 bytes).
    Removing stm32f4xx_hal_uart.o(i.HAL_UART_MspDeInit), (2 bytes).
    Removing stm32f4xx_hal_uart.o(i.HAL_UART_MspInit), (2 bytes).
    Removing stm32f4xx_hal_uart.o(i.HAL_UART_Receive), (204 bytes).
    Removing stm32f4xx_hal_uart.o(i.HAL_UART_Receive_DMA), (136 bytes).
    Removing stm32f4xx_hal_uart.o(i.HAL_UART_Receive_IT), (106 bytes).
    Removing stm32f4xx_hal_uart.o(i.HAL_UART_RxHalfCpltCallback), (2 bytes).
    Removing stm32f4xx_hal_uart.o(i.HAL_UART_Transmit), (204 bytes).
    Removing stm32f4xx_hal_uart.o(i.HAL_UART_Transmit_DMA), (144 bytes).
    Removing stm32f4xx_hal_uart.o(i.HAL_UART_Transmit_IT), (106 bytes).
    Removing stm32f4xx_hal_uart.o(i.HAL_UART_TxHalfCpltCallback), (2 bytes).
    Removing stm32f4xx_hal_uart.o(i.UART_DMAError), (30 bytes).
    Removing stm32f4xx_hal_uart.o(i.UART_DMAReceiveCplt), (54 bytes).
    Removing stm32f4xx_hal_uart.o(i.UART_DMARxHalfCplt), (10 bytes).
    Removing stm32f4xx_hal_uart.o(i.UART_DMATransmitCplt), (46 bytes).
    Removing stm32f4xx_hal_uart.o(i.UART_DMATxHalfCplt), (10 bytes).
    Removing stm32f4xx_hal_uart.o(i.UART_WaitOnFlagUntilTimeout), (146 bytes).
    Removing stm32f4xx_hal_flash_ramfunc.o(.rev16_text), (4 bytes).
    Removing stm32f4xx_hal_flash_ramfunc.o(.revsh_text), (4 bytes).
    Removing stm32f4xx_hal_flash_ramfunc.o(.rrx_text), (6 bytes).
    Removing stm32f4xx_hal_dma.o(.rev16_text), (4 bytes).
    Removing stm32f4xx_hal_dma.o(.revsh_text), (4 bytes).
    Removing stm32f4xx_hal_dma.o(.rrx_text), (6 bytes).
    Removing stm32f4xx_hal_dma.o(i.DMA_SetConfig), (40 bytes).
    Removing stm32f4xx_hal_dma.o(i.HAL_DMA_Abort), (84 bytes).
    Removing stm32f4xx_hal_dma.o(i.HAL_DMA_DeInit), (2508 bytes).
    Removing stm32f4xx_hal_dma.o(i.HAL_DMA_GetError), (4 bytes).
    Removing stm32f4xx_hal_dma.o(i.HAL_DMA_GetState), (6 bytes).
    Removing stm32f4xx_hal_dma.o(i.HAL_DMA_IRQHandler), (3948 bytes).
    Removing stm32f4xx_hal_dma.o(i.HAL_DMA_Init), (112 bytes).
    Removing stm32f4xx_hal_dma.o(i.HAL_DMA_PollForTransfer), (4748 bytes).
    Removing stm32f4xx_hal_dma.o(i.HAL_DMA_Start), (58 bytes).
    Removing stm32f4xx_hal_dma.o(i.HAL_DMA_Start_IT), (108 bytes).
    Removing stm32f4xx_hal.o(.rev16_text), (4 bytes).
    Removing stm32f4xx_hal.o(.revsh_text), (4 bytes).
    Removing stm32f4xx_hal.o(.rrx_text), (6 bytes).
    Removing stm32f4xx_hal.o(i.HAL_DBGMCU_DisableDBGSleepMode), (16 bytes).
    Removing stm32f4xx_hal.o(i.HAL_DBGMCU_DisableDBGStandbyMode), (16 bytes).
    Removing stm32f4xx_hal.o(i.HAL_DBGMCU_DisableDBGStopMode), (16 bytes).
    Removing stm32f4xx_hal.o(i.HAL_DBGMCU_EnableDBGSleepMode), (16 bytes).
    Removing stm32f4xx_hal.o(i.HAL_DBGMCU_EnableDBGStandbyMode), (16 bytes).
    Removing stm32f4xx_hal.o(i.HAL_DBGMCU_EnableDBGStopMode), (16 bytes).
    Removing stm32f4xx_hal.o(i.HAL_DeInit), (52 bytes).
    Removing stm32f4xx_hal.o(i.HAL_DisableCompensationCell), (28 bytes).
    Removing stm32f4xx_hal.o(i.HAL_EnableCompensationCell), (28 bytes).
    Removing stm32f4xx_hal.o(i.HAL_GetDEVID), (16 bytes).
    Removing stm32f4xx_hal.o(i.HAL_GetHalVersion), (8 bytes).
    Removing stm32f4xx_hal.o(i.HAL_GetREVID), (12 bytes).
    Removing stm32f4xx_hal.o(i.HAL_MspDeInit), (2 bytes).
    Removing stm32f4xx_hal.o(i.HAL_MspInit), (2 bytes).
    Removing stm32f4xx_hal.o(i.HAL_ResumeTick), (14 bytes).
    Removing stm32f4xx_hal.o(i.HAL_SuspendTick), (14 bytes).
    Removing usb_device.o(.rev16_text), (4 bytes).
    Removing usb_device.o(.revsh_text), (4 bytes).
    Removing usb_device.o(.rrx_text), (6 bytes).
    Removing main.o(.rev16_text), (4 bytes).
    Removing main.o(.revsh_text), (4 bytes).
    Removing main.o(.rrx_text), (6 bytes).
    Removing usbd_desc.o(.rev16_text), (4 bytes).
    Removing usbd_desc.o(.revsh_text), (4 bytes).
    Removing usbd_desc.o(.rrx_text), (6 bytes).
    Removing usbd_conf.o(.rev16_text), (4 bytes).
    Removing usbd_conf.o(.revsh_text), (4 bytes).
    Removing usbd_conf.o(.rrx_text), (6 bytes).
    Removing usbd_conf.o(i.HAL_PCD_MspDeInit), (64 bytes).
    Removing usbd_conf.o(i.USBD_LL_DeInit), (14 bytes).
    Removing usbd_conf.o(i.USBD_LL_Delay), (4 bytes).
    Removing usbd_conf.o(i.USBD_LL_FlushEP), (14 bytes).
    Removing usbd_conf.o(i.USBD_LL_Stop), (14 bytes).
    Removing stm32f4xx_it.o(.rev16_text), (4 bytes).
    Removing stm32f4xx_it.o(.revsh_text), (4 bytes).
    Removing stm32f4xx_it.o(.rrx_text), (6 bytes).
    Removing usbd_cdc_if.o(.rev16_text), (4 bytes).
    Removing usbd_cdc_if.o(.revsh_text), (4 bytes).
    Removing usbd_cdc_if.o(.rrx_text), (6 bytes).
    Removing usbd_cdc_if.o(i.CDC_Transmit_FS), (28 bytes).
    Removing stm32f4xx_hal_msp.o(.rev16_text), (4 bytes).
    Removing stm32f4xx_hal_msp.o(.revsh_text), (4 bytes).
    Removing stm32f4xx_hal_msp.o(.rrx_text), (6 bytes).
    Removing stm32f4xx_hal_msp.o(i.HAL_UART_MspDeInit), (88 bytes).
    Removing system_stm32f4xx.o(.rev16_text), (4 bytes).
    Removing system_stm32f4xx.o(.revsh_text), (4 bytes).
    Removing system_stm32f4xx.o(.rrx_text), (6 bytes).
    Removing system_stm32f4xx.o(i.SystemCoreClockUpdate), (120 bytes).
    Removing system_stm32f4xx.o(.constdata), (16 bytes).

278 unused section(s) (total 21834 bytes) removed from the image.

==============================================================================

Image Symbol Table

    Local Symbols

    Symbol Name                              Value     Ov Type        Size  Object(Section)

    ../clib/../cmprslib/zerorunl2.c          0x00000000   Number         0  __dczerorl2.o ABSOLUTE
    ../clib/microlib/init/entry.s            0x00000000   Number         0  entry5.o ABSOLUTE
    ../clib/microlib/init/entry.s            0x00000000   Number         0  entry11a.o ABSOLUTE
    ../clib/microlib/init/entry.s            0x00000000   Number         0  entry2.o ABSOLUTE
    ../clib/microlib/init/entry.s            0x00000000   Number         0  entry10a.o ABSOLUTE
    ../clib/microlib/init/entry.s            0x00000000   Number         0  entry.o ABSOLUTE
    ../clib/microlib/init/entry.s            0x00000000   Number         0  entry11b.o ABSOLUTE
    ../clib/microlib/init/entry.s            0x00000000   Number         0  entry8a.o ABSOLUTE
    ../clib/microlib/init/entry.s            0x00000000   Number         0  entry7a.o ABSOLUTE
    ../clib/microlib/init/entry.s            0x00000000   Number         0  entry10b.o ABSOLUTE
    ../clib/microlib/init/entry.s            0x00000000   Number         0  entry9b.o ABSOLUTE
    ../clib/microlib/init/entry.s            0x00000000   Number         0  entry7b.o ABSOLUTE
    ../clib/microlib/init/entry.s            0x00000000   Number         0  entry9a.o ABSOLUTE
    ../clib/microlib/init/entry.s            0x00000000   Number         0  entry8b.o ABSOLUTE
    ../clib/microlib/malloc/malloc.c         0x00000000   Number         0  mallocra.o ABSOLUTE
    ../clib/microlib/malloc/malloc.c         0x00000000   Number         0  malloca.o ABSOLUTE
    ../clib/microlib/malloc/malloc.c         0x00000000   Number         0  malloc.o ABSOLUTE
    ../clib/microlib/malloc/malloc.c         0x00000000   Number         0  mallocr.o ABSOLUTE
    ../clib/microlib/malloc/mvars.c          0x00000000   Number         0  mvars.o ABSOLUTE
    ../clib/microlib/string/memcpy.c         0x00000000   Number         0  memcpya.o ABSOLUTE
    ../clib/microlib/string/memcpy.c         0x00000000   Number         0  memcpyb.o ABSOLUTE
    ..\Drivers\CMSIS\Device\ST\STM32F4xx\Source\Templates\arm\startup_stm32f401xc.s 0x00000000   Number         0  startup_stm32f401xc.o ABSOLUTE
    ..\Drivers\CMSIS\Device\ST\STM32F4xx\Source\Templates\system_stm32f4xx.c 0x00000000   Number         0  system_stm32f4xx.o ABSOLUTE
    ..\Drivers\STM32F4xx_HAL_Driver\Src\stm32f4xx_hal.c 0x00000000   Number         0  stm32f4xx_hal.o ABSOLUTE
    ..\Drivers\STM32F4xx_HAL_Driver\Src\stm32f4xx_hal_cortex.c 0x00000000   Number         0  stm32f4xx_hal_cortex.o ABSOLUTE
    ..\Drivers\STM32F4xx_HAL_Driver\Src\stm32f4xx_hal_dma.c 0x00000000   Number         0  stm32f4xx_hal_dma.o ABSOLUTE
    ..\Drivers\STM32F4xx_HAL_Driver\Src\stm32f4xx_hal_dma_ex.c 0x00000000   Number         0  stm32f4xx_hal_dma_ex.o ABSOLUTE
    ..\Drivers\STM32F4xx_HAL_Driver\Src\stm32f4xx_hal_flash.c 0x00000000   Number         0  stm32f4xx_hal_flash.o ABSOLUTE
    ..\Drivers\STM32F4xx_HAL_Driver\Src\stm32f4xx_hal_flash_ex.c 0x00000000   Number         0  stm32f4xx_hal_flash_ex.o ABSOLUTE
    ..\Drivers\STM32F4xx_HAL_Driver\Src\stm32f4xx_hal_flash_ramfunc.c 0x00000000   Number         0  stm32f4xx_hal_flash_ramfunc.o ABSOLUTE
    ..\Drivers\STM32F4xx_HAL_Driver\Src\stm32f4xx_hal_gpio.c 0x00000000   Number         0  stm32f4xx_hal_gpio.o ABSOLUTE
    ..\Drivers\STM32F4xx_HAL_Driver\Src\stm32f4xx_hal_pcd.c 0x00000000   Number         0  stm32f4xx_hal_pcd.o ABSOLUTE
    ..\Drivers\STM32F4xx_HAL_Driver\Src\stm32f4xx_hal_pcd_ex.c 0x00000000   Number         0  stm32f4xx_hal_pcd_ex.o ABSOLUTE
    ..\Drivers\STM32F4xx_HAL_Driver\Src\stm32f4xx_hal_pwr.c 0x00000000   Number         0  stm32f4xx_hal_pwr.o ABSOLUTE
    ..\Drivers\STM32F4xx_HAL_Driver\Src\stm32f4xx_hal_pwr_ex.c 0x00000000   Number         0  stm32f4xx_hal_pwr_ex.o ABSOLUTE
    ..\Drivers\STM32F4xx_HAL_Driver\Src\stm32f4xx_hal_rcc.c 0x00000000   Number         0  stm32f4xx_hal_rcc.o ABSOLUTE
    ..\Drivers\STM32F4xx_HAL_Driver\Src\stm32f4xx_hal_rcc_ex.c 0x00000000   Number         0  stm32f4xx_hal_rcc_ex.o ABSOLUTE
    ..\Drivers\STM32F4xx_HAL_Driver\Src\stm32f4xx_hal_uart.c 0x00000000   Number         0  stm32f4xx_hal_uart.o ABSOLUTE
    ..\Drivers\STM32F4xx_HAL_Driver\Src\stm32f4xx_ll_usb.c 0x00000000   Number         0  stm32f4xx_ll_usb.o ABSOLUTE
    ..\Middlewares\ST\STM32_USB_Device_Library\Class\CDC\Src\usbd_cdc.c 0x00000000   Number         0  usbd_cdc.o ABSOLUTE
    ..\Middlewares\ST\STM32_USB_Device_Library\Core\Src\usbd_core.c 0x00000000   Number         0  usbd_core.o ABSOLUTE
    ..\Middlewares\ST\STM32_USB_Device_Library\Core\Src\usbd_ctlreq.c 0x00000000   Number         0  usbd_ctlreq.o ABSOLUTE
    ..\Middlewares\ST\STM32_USB_Device_Library\Core\Src\usbd_ioreq.c 0x00000000   Number         0  usbd_ioreq.o ABSOLUTE
    ..\Src\main.c                            0x00000000   Number         0  main.o ABSOLUTE
    ..\Src\stm32f4xx_hal_msp.c               0x00000000   Number         0  stm32f4xx_hal_msp.o ABSOLUTE
    ..\Src\stm32f4xx_it.c                    0x00000000   Number         0  stm32f4xx_it.o ABSOLUTE
    ..\Src\usb_device.c                      0x00000000   Number         0  usb_device.o ABSOLUTE
    ..\Src\usbd_cdc_if.c                     0x00000000   Number         0  usbd_cdc_if.o ABSOLUTE
    ..\Src\usbd_conf.c                       0x00000000   Number         0  usbd_conf.o ABSOLUTE
    ..\Src\usbd_desc.c                       0x00000000   Number         0  usbd_desc.o ABSOLUTE
    ..\\Drivers\\CMSIS\\Device\\ST\\STM32F4xx\\Source\\Templates\\system_stm32f4xx.c 0x00000000   Number         0  system_stm32f4xx.o ABSOLUTE
    ..\\Drivers\\STM32F4xx_HAL_Driver\\Src\\stm32f4xx_hal.c 0x00000000   Number         0  stm32f4xx_hal.o ABSOLUTE
    ..\\Drivers\\STM32F4xx_HAL_Driver\\Src\\stm32f4xx_hal_cortex.c 0x00000000   Number         0  stm32f4xx_hal_cortex.o ABSOLUTE
    ..\\Drivers\\STM32F4xx_HAL_Driver\\Src\\stm32f4xx_hal_dma.c 0x00000000   Number         0  stm32f4xx_hal_dma.o ABSOLUTE
    ..\\Drivers\\STM32F4xx_HAL_Driver\\Src\\stm32f4xx_hal_dma_ex.c 0x00000000   Number         0  stm32f4xx_hal_dma_ex.o ABSOLUTE
    ..\\Drivers\\STM32F4xx_HAL_Driver\\Src\\stm32f4xx_hal_flash.c 0x00000000   Number         0  stm32f4xx_hal_flash.o ABSOLUTE
    ..\\Drivers\\STM32F4xx_HAL_Driver\\Src\\stm32f4xx_hal_flash_ex.c 0x00000000   Number         0  stm32f4xx_hal_flash_ex.o ABSOLUTE
    ..\\Drivers\\STM32F4xx_HAL_Driver\\Src\\stm32f4xx_hal_flash_ramfunc.c 0x00000000   Number         0  stm32f4xx_hal_flash_ramfunc.o ABSOLUTE
    ..\\Drivers\\STM32F4xx_HAL_Driver\\Src\\stm32f4xx_hal_gpio.c 0x00000000   Number         0  stm32f4xx_hal_gpio.o ABSOLUTE
    ..\\Drivers\\STM32F4xx_HAL_Driver\\Src\\stm32f4xx_hal_pcd.c 0x00000000   Number         0  stm32f4xx_hal_pcd.o ABSOLUTE
    ..\\Drivers\\STM32F4xx_HAL_Driver\\Src\\stm32f4xx_hal_pcd_ex.c 0x00000000   Number         0  stm32f4xx_hal_pcd_ex.o ABSOLUTE
    ..\\Drivers\\STM32F4xx_HAL_Driver\\Src\\stm32f4xx_hal_pwr.c 0x00000000   Number         0  stm32f4xx_hal_pwr.o ABSOLUTE
    ..\\Drivers\\STM32F4xx_HAL_Driver\\Src\\stm32f4xx_hal_pwr_ex.c 0x00000000   Number         0  stm32f4xx_hal_pwr_ex.o ABSOLUTE
    ..\\Drivers\\STM32F4xx_HAL_Driver\\Src\\stm32f4xx_hal_rcc.c 0x00000000   Number         0  stm32f4xx_hal_rcc.o ABSOLUTE
    ..\\Drivers\\STM32F4xx_HAL_Driver\\Src\\stm32f4xx_hal_rcc_ex.c 0x00000000   Number         0  stm32f4xx_hal_rcc_ex.o ABSOLUTE
    ..\\Drivers\\STM32F4xx_HAL_Driver\\Src\\stm32f4xx_hal_uart.c 0x00000000   Number         0  stm32f4xx_hal_uart.o ABSOLUTE
    ..\\Drivers\\STM32F4xx_HAL_Driver\\Src\\stm32f4xx_ll_usb.c 0x00000000   Number         0  stm32f4xx_ll_usb.o ABSOLUTE
    ..\\Middlewares\\ST\\STM32_USB_Device_Library\\Class\\CDC\\Src\\usbd_cdc.c 0x00000000   Number         0  usbd_cdc.o ABSOLUTE
    ..\\Middlewares\\ST\\STM32_USB_Device_Library\\Core\\Src\\usbd_core.c 0x00000000   Number         0  usbd_core.o ABSOLUTE
    ..\\Middlewares\\ST\\STM32_USB_Device_Library\\Core\\Src\\usbd_ctlreq.c 0x00000000   Number         0  usbd_ctlreq.o ABSOLUTE
    ..\\Middlewares\\ST\\STM32_USB_Device_Library\\Core\\Src\\usbd_ioreq.c 0x00000000   Number         0  usbd_ioreq.o ABSOLUTE
    ..\\Src\\main.c                          0x00000000   Number         0  main.o ABSOLUTE
    ..\\Src\\stm32f4xx_hal_msp.c             0x00000000   Number         0  stm32f4xx_hal_msp.o ABSOLUTE
    ..\\Src\\stm32f4xx_it.c                  0x00000000   Number         0  stm32f4xx_it.o ABSOLUTE
    ..\\Src\\usb_device.c                    0x00000000   Number         0  usb_device.o ABSOLUTE
    ..\\Src\\usbd_cdc_if.c                   0x00000000   Number         0  usbd_cdc_if.o ABSOLUTE
    ..\\Src\\usbd_conf.c                     0x00000000   Number         0  usbd_conf.o ABSOLUTE
    ..\\Src\\usbd_desc.c                     0x00000000   Number         0  usbd_desc.o ABSOLUTE
    dc.s                                     0x00000000   Number         0  dc.o ABSOLUTE
    handlers.s                               0x00000000   Number         0  handlers.o ABSOLUTE
    init.s                                   0x00000000   Number         0  init.o ABSOLUTE
    RESET                                    0x08000000   Section      404  startup_stm32f401xc.o(RESET)
    .ARM.Collect$$$$00000000                 0x08000194   Section        0  entry.o(.ARM.Collect$$$$00000000)
    .ARM.Collect$$$$00000001                 0x08000194   Section        4  entry2.o(.ARM.Collect$$$$00000001)
    .ARM.Collect$$$$00000004                 0x08000198   Section        4  entry5.o(.ARM.Collect$$$$00000004)
    .ARM.Collect$$$$00000008                 0x0800019c   Section        0  entry7b.o(.ARM.Collect$$$$00000008)
    .ARM.Collect$$$$0000000A                 0x0800019c   Section        0  entry8b.o(.ARM.Collect$$$$0000000A)
    .ARM.Collect$$$$0000000B                 0x0800019c   Section        8  entry9a.o(.ARM.Collect$$$$0000000B)
    .ARM.Collect$$$$0000000D                 0x080001a4   Section        0  entry10a.o(.ARM.Collect$$$$0000000D)
    .ARM.Collect$$$$0000000F                 0x080001a4   Section        0  entry11a.o(.ARM.Collect$$$$0000000F)
    .ARM.Collect$$$$00002712                 0x080001a4   Section        4  entry2.o(.ARM.Collect$$$$00002712)
    __lit__00000000                          0x080001a4   Data           4  entry2.o(.ARM.Collect$$$$00002712)
    .text                                    0x080001a8   Section       36  startup_stm32f401xc.o(.text)
    $v0                                      0x080001a8   Number         0  startup_stm32f401xc.o(.text)
    .text                                    0x080001cc   Section        0  memcpya.o(.text)
    .text                                    0x080001f0   Section       36  init.o(.text)
    .text                                    0x08000214   Section        0  __dczerorl2.o(.text)
    i.CDC_Control_FS                         0x0800026a   Section        0  usbd_cdc_if.o(i.CDC_Control_FS)
    CDC_Control_FS                           0x0800026b   Thumb Code     4  usbd_cdc_if.o(i.CDC_Control_FS)
    i.CDC_DeInit_FS                          0x0800026e   Section        0  usbd_cdc_if.o(i.CDC_DeInit_FS)
    CDC_DeInit_FS                            0x0800026f   Thumb Code     4  usbd_cdc_if.o(i.CDC_DeInit_FS)
    i.CDC_Init_FS                            0x08000274   Section        0  usbd_cdc_if.o(i.CDC_Init_FS)
    CDC_Init_FS                              0x08000275   Thumb Code    28  usbd_cdc_if.o(i.CDC_Init_FS)
    i.CDC_Receive_FS                         0x08000298   Section        0  usbd_cdc_if.o(i.CDC_Receive_FS)
    CDC_Receive_FS                           0x08000299   Thumb Code     4  usbd_cdc_if.o(i.CDC_Receive_FS)
    i.HAL_Delay                              0x0800029c   Section        0  stm32f4xx_hal.o(i.HAL_Delay)
    i.HAL_GPIO_Init                          0x080002b4   Section        0  stm32f4xx_hal_gpio.o(i.HAL_GPIO_Init)
    i.HAL_GetTick                            0x0800043c   Section        0  stm32f4xx_hal.o(i.HAL_GetTick)
    i.HAL_IncTick                            0x08000448   Section        0  stm32f4xx_hal.o(i.HAL_IncTick)
    i.HAL_Init                               0x08000458   Section        0  stm32f4xx_hal.o(i.HAL_Init)
    i.HAL_InitTick                           0x0800048c   Section        0  stm32f4xx_hal.o(i.HAL_InitTick)
    i.HAL_MspInit                            0x080004ae   Section        0  stm32f4xx_hal_msp.o(i.HAL_MspInit)
    i.HAL_NVIC_EnableIRQ                     0x080004c4   Section        0  stm32f4xx_hal_cortex.o(i.HAL_NVIC_EnableIRQ)
    i.HAL_NVIC_SetPriority                   0x080004dc   Section        0  stm32f4xx_hal_cortex.o(i.HAL_NVIC_SetPriority)
    i.HAL_NVIC_SetPriorityGrouping           0x0800051c   Section        0  stm32f4xx_hal_cortex.o(i.HAL_NVIC_SetPriorityGrouping)
    i.HAL_PCDEx_SetRxFiFo                    0x08000540   Section        0  stm32f4xx_hal_pcd_ex.o(i.HAL_PCDEx_SetRxFiFo)
    i.HAL_PCDEx_SetTxFiFo                    0x08000548   Section        0  stm32f4xx_hal_pcd_ex.o(i.HAL_PCDEx_SetTxFiFo)
    i.HAL_PCD_ConnectCallback                0x0800058c   Section        0  usbd_conf.o(i.HAL_PCD_ConnectCallback)
    i.HAL_PCD_DataInStageCallback            0x08000594   Section        0  usbd_conf.o(i.HAL_PCD_DataInStageCallback)
    i.HAL_PCD_DataOutStageCallback           0x080005a6   Section        0  usbd_conf.o(i.HAL_PCD_DataOutStageCallback)
    i.HAL_PCD_DisconnectCallback             0x080005ba   Section        0  usbd_conf.o(i.HAL_PCD_DisconnectCallback)
    i.HAL_PCD_EP_Close                       0x080005c2   Section        0  stm32f4xx_hal_pcd.o(i.HAL_PCD_EP_Close)
    i.HAL_PCD_EP_ClrStall                    0x08000606   Section        0  stm32f4xx_hal_pcd.o(i.HAL_PCD_EP_ClrStall)
    i.HAL_PCD_EP_GetRxCount                  0x08000656   Section        0  stm32f4xx_hal_pcd.o(i.HAL_PCD_EP_GetRxCount)
    i.HAL_PCD_EP_Open                        0x0800066a   Section        0  stm32f4xx_hal_pcd.o(i.HAL_PCD_EP_Open)
    i.HAL_PCD_EP_Receive                     0x080006c0   Section        0  stm32f4xx_hal_pcd.o(i.HAL_PCD_EP_Receive)
    i.HAL_PCD_EP_SetStall                    0x0800071e   Section        0  stm32f4xx_hal_pcd.o(i.HAL_PCD_EP_SetStall)
    i.HAL_PCD_EP_Transmit                    0x0800077e   Section        0  stm32f4xx_hal_pcd.o(i.HAL_PCD_EP_Transmit)
    i.HAL_PCD_IRQHandler                     0x080007d4   Section        0  stm32f4xx_hal_pcd.o(i.HAL_PCD_IRQHandler)
    i.HAL_PCD_ISOINIncompleteCallback        0x08000bb8   Section        0  usbd_conf.o(i.HAL_PCD_ISOINIncompleteCallback)
    i.HAL_PCD_ISOOUTIncompleteCallback       0x08000bc0   Section        0  usbd_conf.o(i.HAL_PCD_ISOOUTIncompleteCallback)
    i.HAL_PCD_Init                           0x08000bc8   Section        0  stm32f4xx_hal_pcd.o(i.HAL_PCD_Init)
    i.HAL_PCD_MspInit                        0x08000c88   Section        0  usbd_conf.o(i.HAL_PCD_MspInit)
    i.HAL_PCD_ResetCallback                  0x08000cec   Section        0  usbd_conf.o(i.HAL_PCD_ResetCallback)
    i.HAL_PCD_ResumeCallback                 0x08000d0c   Section        0  usbd_conf.o(i.HAL_PCD_ResumeCallback)
    i.HAL_PCD_SOFCallback                    0x08000d14   Section        0  usbd_conf.o(i.HAL_PCD_SOFCallback)
    i.HAL_PCD_SetAddress                     0x08000d1c   Section        0  stm32f4xx_hal_pcd.o(i.HAL_PCD_SetAddress)
    i.HAL_PCD_SetupStageCallback             0x08000d40   Section        0  usbd_conf.o(i.HAL_PCD_SetupStageCallback)
    i.HAL_PCD_Start                          0x08000d4e   Section        0  stm32f4xx_hal_pcd.o(i.HAL_PCD_Start)
    i.HAL_PCD_SuspendCallback                0x08000d78   Section        0  usbd_conf.o(i.HAL_PCD_SuspendCallback)
    i.HAL_RCC_ClockConfig                    0x08000da8   Section        0  stm32f4xx_hal_rcc.o(i.HAL_RCC_ClockConfig)
    i.HAL_RCC_GetHCLKFreq                    0x08000fb4   Section        0  stm32f4xx_hal_rcc.o(i.HAL_RCC_GetHCLKFreq)
    i.HAL_RCC_GetPCLK1Freq                   0x08000fe8   Section        0  stm32f4xx_hal_rcc.o(i.HAL_RCC_GetPCLK1Freq)
    i.HAL_RCC_GetPCLK2Freq                   0x08001014   Section        0  stm32f4xx_hal_rcc.o(i.HAL_RCC_GetPCLK2Freq)
    i.HAL_RCC_GetSysClockFreq                0x08001040   Section        0  stm32f4xx_hal_rcc.o(i.HAL_RCC_GetSysClockFreq)
    i.HAL_RCC_OscConfig                      0x080010b0   Section        0  stm32f4xx_hal_rcc.o(i.HAL_RCC_OscConfig)
    i.HAL_SYSTICK_CLKSourceConfig            0x080013ec   Section        0  stm32f4xx_hal_cortex.o(i.HAL_SYSTICK_CLKSourceConfig)
    i.HAL_SYSTICK_Callback                   0x08001404   Section        0  stm32f4xx_hal_cortex.o(i.HAL_SYSTICK_Callback)
    i.HAL_SYSTICK_Config                     0x08001406   Section        0  stm32f4xx_hal_cortex.o(i.HAL_SYSTICK_Config)
    i.HAL_SYSTICK_IRQHandler                 0x0800142e   Section        0  stm32f4xx_hal_cortex.o(i.HAL_SYSTICK_IRQHandler)
    i.HAL_UART_ErrorCallback                 0x08001436   Section        0  stm32f4xx_hal_uart.o(i.HAL_UART_ErrorCallback)
    i.HAL_UART_IRQHandler                    0x08001438   Section        0  stm32f4xx_hal_uart.o(i.HAL_UART_IRQHandler)
    i.HAL_UART_Init                          0x08001542   Section        0  stm32f4xx_hal_uart.o(i.HAL_UART_Init)
    i.HAL_UART_MspInit                       0x080015a0   Section        0  stm32f4xx_hal_msp.o(i.HAL_UART_MspInit)
    i.HAL_UART_RxCpltCallback                0x08001620   Section        0  stm32f4xx_hal_uart.o(i.HAL_UART_RxCpltCallback)
    i.HAL_UART_TxCpltCallback                0x08001622   Section        0  stm32f4xx_hal_uart.o(i.HAL_UART_TxCpltCallback)
    i.MX_USB_DEVICE_Init                     0x08001624   Section        0  usb_device.o(i.MX_USB_DEVICE_Init)
    i.NVIC_SetPriority                       0x0800165c   Section        0  stm32f4xx_hal_cortex.o(i.NVIC_SetPriority)
    NVIC_SetPriority                         0x0800165d   Thumb Code    32  stm32f4xx_hal_cortex.o(i.NVIC_SetPriority)
    i.OTG_FS_IRQHandler                      0x0800167c   Section        0  stm32f4xx_it.o(i.OTG_FS_IRQHandler)
    i.PCD_WriteEmptyTxFifo                   0x08001688   Section        0  stm32f4xx_hal_pcd.o(i.PCD_WriteEmptyTxFifo)
    PCD_WriteEmptyTxFifo                     0x08001689   Thumb Code   150  stm32f4xx_hal_pcd.o(i.PCD_WriteEmptyTxFifo)
    i.SysTick_Handler                        0x0800171e   Section        0  stm32f4xx_it.o(i.SysTick_Handler)
    i.SystemClock_Config                     0x0800172c   Section        0  main.o(i.SystemClock_Config)
    i.SystemInit                             0x080017b4   Section        0  system_stm32f4xx.o(i.SystemInit)
    i.UART_Receive_IT                        0x08001808   Section        0  stm32f4xx_hal_uart.o(i.UART_Receive_IT)
    UART_Receive_IT                          0x08001809   Thumb Code   168  stm32f4xx_hal_uart.o(i.UART_Receive_IT)
    i.UART_SetConfig                         0x080018b0   Section        0  stm32f4xx_hal_uart.o(i.UART_SetConfig)
    UART_SetConfig                           0x080018b1   Thumb Code   366  stm32f4xx_hal_uart.o(i.UART_SetConfig)
    i.UART_Transmit_IT                       0x08001a28   Section        0  stm32f4xx_hal_uart.o(i.UART_Transmit_IT)
    UART_Transmit_IT                         0x08001a29   Thumb Code   102  stm32f4xx_hal_uart.o(i.UART_Transmit_IT)
    i.USART2_IRQHandler                      0x08001a90   Section        0  stm32f4xx_it.o(i.USART2_IRQHandler)
    i.USBD_CDC_DataIn                        0x08001a9c   Section        0  usbd_cdc.o(i.USBD_CDC_DataIn)
    USBD_CDC_DataIn                          0x08001a9d   Thumb Code    20  usbd_cdc.o(i.USBD_CDC_DataIn)
    i.USBD_CDC_DataOut                       0x08001ab0   Section        0  usbd_cdc.o(i.USBD_CDC_DataOut)
    USBD_CDC_DataOut                         0x08001ab1   Thumb Code    46  usbd_cdc.o(i.USBD_CDC_DataOut)
    i.USBD_CDC_DeInit                        0x08001ade   Section        0  usbd_cdc.o(i.USBD_CDC_DeInit)
    USBD_CDC_DeInit                          0x08001adf   Thumb Code    60  usbd_cdc.o(i.USBD_CDC_DeInit)
    i.USBD_CDC_EP0_RxReady                   0x08001b1a   Section        0  usbd_cdc.o(i.USBD_CDC_EP0_RxReady)
    USBD_CDC_EP0_RxReady                     0x08001b1b   Thumb Code    36  usbd_cdc.o(i.USBD_CDC_EP0_RxReady)
    i.USBD_CDC_GetDeviceQualifierDescriptor  0x08001b40   Section        0  usbd_cdc.o(i.USBD_CDC_GetDeviceQualifierDescriptor)
    i.USBD_CDC_GetFSCfgDesc                  0x08001b4c   Section        0  usbd_cdc.o(i.USBD_CDC_GetFSCfgDesc)
    USBD_CDC_GetFSCfgDesc                    0x08001b4d   Thumb Code     8  usbd_cdc.o(i.USBD_CDC_GetFSCfgDesc)
    i.USBD_CDC_GetHSCfgDesc                  0x08001b58   Section        0  usbd_cdc.o(i.USBD_CDC_GetHSCfgDesc)
    USBD_CDC_GetHSCfgDesc                    0x08001b59   Thumb Code     8  usbd_cdc.o(i.USBD_CDC_GetHSCfgDesc)
    i.USBD_CDC_GetOtherSpeedCfgDesc          0x08001b64   Section        0  usbd_cdc.o(i.USBD_CDC_GetOtherSpeedCfgDesc)
    USBD_CDC_GetOtherSpeedCfgDesc            0x08001b65   Thumb Code     8  usbd_cdc.o(i.USBD_CDC_GetOtherSpeedCfgDesc)
    i.USBD_CDC_Init                          0x08001b70   Section        0  usbd_cdc.o(i.USBD_CDC_Init)
    USBD_CDC_Init                            0x08001b71   Thumb Code   136  usbd_cdc.o(i.USBD_CDC_Init)
    i.USBD_CDC_RegisterInterface             0x08001bf8   Section        0  usbd_cdc.o(i.USBD_CDC_RegisterInterface)
    i.USBD_CDC_SetRxBuffer                   0x08001c08   Section        0  usbd_cdc.o(i.USBD_CDC_SetRxBuffer)
    i.USBD_CDC_SetTxBuffer                   0x08001c14   Section        0  usbd_cdc.o(i.USBD_CDC_SetTxBuffer)
    i.USBD_CDC_Setup                         0x08001c24   Section        0  usbd_cdc.o(i.USBD_CDC_Setup)
    USBD_CDC_Setup                           0x08001c25   Thumb Code   106  usbd_cdc.o(i.USBD_CDC_Setup)
    i.USBD_ClrClassConfig                    0x08001c94   Section        0  usbd_core.o(i.USBD_ClrClassConfig)
    i.USBD_CtlContinueRx                     0x08001ca2   Section        0  usbd_ioreq.o(i.USBD_CtlContinueRx)
    i.USBD_CtlContinueSendData               0x08001cb2   Section        0  usbd_ioreq.o(i.USBD_CtlContinueSendData)
    i.USBD_CtlError                          0x08001cc2   Section        0  usbd_ctlreq.o(i.USBD_CtlError)
    i.USBD_CtlPrepareRx                      0x08001cd8   Section        0  usbd_ioreq.o(i.USBD_CtlPrepareRx)
    i.USBD_CtlReceiveStatus                  0x08001cf6   Section        0  usbd_ioreq.o(i.USBD_CtlReceiveStatus)
    i.USBD_CtlSendData                       0x08001d0c   Section        0  usbd_ioreq.o(i.USBD_CtlSendData)
    i.USBD_CtlSendStatus                     0x08001d26   Section        0  usbd_ioreq.o(i.USBD_CtlSendStatus)
    i.USBD_FS_ConfigStrDescriptor            0x08001d3c   Section        0  usbd_desc.o(i.USBD_FS_ConfigStrDescriptor)
    i.USBD_FS_DeviceDescriptor               0x08001d5c   Section        0  usbd_desc.o(i.USBD_FS_DeviceDescriptor)
    i.USBD_FS_InterfaceStrDescriptor         0x08001d68   Section        0  usbd_desc.o(i.USBD_FS_InterfaceStrDescriptor)
    i.USBD_FS_LangIDStrDescriptor            0x08001d8c   Section        0  usbd_desc.o(i.USBD_FS_LangIDStrDescriptor)
    i.USBD_FS_ManufacturerStrDescriptor      0x08001d98   Section        0  usbd_desc.o(i.USBD_FS_ManufacturerStrDescriptor)
    i.USBD_FS_ProductStrDescriptor           0x08001dc0   Section        0  usbd_desc.o(i.USBD_FS_ProductStrDescriptor)
    i.USBD_FS_SerialStrDescriptor            0x08001dec   Section        0  usbd_desc.o(i.USBD_FS_SerialStrDescriptor)
    i.USBD_GetDescriptor                     0x08001e10   Section        0  usbd_ctlreq.o(i.USBD_GetDescriptor)
    USBD_GetDescriptor                       0x08001e11   Thumb Code   224  usbd_ctlreq.o(i.USBD_GetDescriptor)
    i.USBD_GetString                         0x08001ef0   Section        0  usbd_ctlreq.o(i.USBD_GetString)
    i.USBD_Init                              0x08001f36   Section        0  usbd_core.o(i.USBD_Init)
    i.USBD_LL_ClearStallEP                   0x08001f60   Section        0  usbd_conf.o(i.USBD_LL_ClearStallEP)
    i.USBD_LL_CloseEP                        0x08001f6e   Section        0  usbd_conf.o(i.USBD_LL_CloseEP)
    i.USBD_LL_DataInStage                    0x08001f7c   Section        0  usbd_core.o(i.USBD_LL_DataInStage)
    i.USBD_LL_DataOutStage                   0x08002026   Section        0  usbd_core.o(i.USBD_LL_DataOutStage)
    i.USBD_LL_DevConnected                   0x08002090   Section        0  usbd_core.o(i.USBD_LL_DevConnected)
    i.USBD_LL_DevDisconnected                0x08002094   Section        0  usbd_core.o(i.USBD_LL_DevDisconnected)
    i.USBD_LL_GetRxDataSize                  0x080020aa   Section        0  usbd_conf.o(i.USBD_LL_GetRxDataSize)
    i.USBD_LL_Init                           0x080020b4   Section        0  usbd_conf.o(i.USBD_LL_Init)
    i.USBD_LL_IsStallEP                      0x08002110   Section        0  usbd_conf.o(i.USBD_LL_IsStallEP)
    i.USBD_LL_IsoINIncomplete                0x08002130   Section        0  usbd_core.o(i.USBD_LL_IsoINIncomplete)
    i.USBD_LL_IsoOUTIncomplete               0x08002134   Section        0  usbd_core.o(i.USBD_LL_IsoOUTIncomplete)
    i.USBD_LL_OpenEP                         0x08002138   Section        0  usbd_conf.o(i.USBD_LL_OpenEP)
    i.USBD_LL_PrepareReceive                 0x0800214c   Section        0  usbd_conf.o(i.USBD_LL_PrepareReceive)
    i.USBD_LL_Reset                          0x0800215a   Section        0  usbd_core.o(i.USBD_LL_Reset)
    i.USBD_LL_Resume                         0x08002198   Section        0  usbd_core.o(i.USBD_LL_Resume)
    i.USBD_LL_SOF                            0x080021a4   Section        0  usbd_core.o(i.USBD_LL_SOF)
    i.USBD_LL_SetSpeed                       0x080021bc   Section        0  usbd_core.o(i.USBD_LL_SetSpeed)
    i.USBD_LL_SetUSBAddress                  0x080021c2   Section        0  usbd_conf.o(i.USBD_LL_SetUSBAddress)
    i.USBD_LL_SetupStage                     0x080021d0   Section        0  usbd_core.o(i.USBD_LL_SetupStage)
    i.USBD_LL_StallEP                        0x0800222a   Section        0  usbd_conf.o(i.USBD_LL_StallEP)
    i.USBD_LL_Start                          0x08002238   Section        0  usbd_conf.o(i.USBD_LL_Start)
    i.USBD_LL_Suspend                        0x08002246   Section        0  usbd_core.o(i.USBD_LL_Suspend)
    i.USBD_LL_Transmit                       0x08002258   Section        0  usbd_conf.o(i.USBD_LL_Transmit)
    i.USBD_ParseSetupRequest                 0x08002266   Section        0  usbd_ctlreq.o(i.USBD_ParseSetupRequest)
    i.USBD_RegisterClass                     0x0800228e   Section        0  usbd_core.o(i.USBD_RegisterClass)
    i.USBD_SetClassConfig                    0x0800229e   Section        0  usbd_core.o(i.USBD_SetClassConfig)
    i.USBD_SetConfig                         0x080022b4   Section        0  usbd_ctlreq.o(i.USBD_SetConfig)
    USBD_SetConfig                           0x080022b5   Thumb Code   110  usbd_ctlreq.o(i.USBD_SetConfig)
    i.USBD_Start                             0x08002328   Section        0  usbd_core.o(i.USBD_Start)
    i.USBD_StdDevReq                         0x08002332   Section        0  usbd_ctlreq.o(i.USBD_StdDevReq)
    i.USBD_StdEPReq                          0x08002424   Section        0  usbd_ctlreq.o(i.USBD_StdEPReq)
    i.USBD_StdItfReq                         0x08002500   Section        0  usbd_ctlreq.o(i.USBD_StdItfReq)
    i.USB_ActivateEndpoint                   0x08002534   Section        0  stm32f4xx_ll_usb.o(i.USB_ActivateEndpoint)
    i.USB_ActivateSetup                      0x080025b4   Section        0  stm32f4xx_ll_usb.o(i.USB_ActivateSetup)
    i.USB_CoreInit                           0x080025e8   Section        0  stm32f4xx_ll_usb.o(i.USB_CoreInit)
    i.USB_CoreReset                          0x08002654   Section        0  stm32f4xx_ll_usb.o(i.USB_CoreReset)
    USB_CoreReset                            0x08002655   Thumb Code    50  stm32f4xx_ll_usb.o(i.USB_CoreReset)
    i.USB_DeactivateEndpoint                 0x0800268c   Section        0  stm32f4xx_ll_usb.o(i.USB_DeactivateEndpoint)
    i.USB_DevConnect                         0x080026fa   Section        0  stm32f4xx_ll_usb.o(i.USB_DevConnect)
    i.USB_DevDisconnect                      0x08002712   Section        0  stm32f4xx_ll_usb.o(i.USB_DevDisconnect)
    i.USB_DevInit                            0x0800272c   Section        0  stm32f4xx_ll_usb.o(i.USB_DevInit)
    i.USB_DisableGlobalInt                   0x08002870   Section        0  stm32f4xx_ll_usb.o(i.USB_DisableGlobalInt)
    i.USB_EP0StartXfer                       0x0800287c   Section        0  stm32f4xx_ll_usb.o(i.USB_EP0StartXfer)
    i.USB_EP0_OutStart                       0x080029bc   Section        0  stm32f4xx_ll_usb.o(i.USB_EP0_OutStart)
    i.USB_EPClearStall                       0x080029fa   Section        0  stm32f4xx_ll_usb.o(i.USB_EPClearStall)
    i.USB_EPSetStall                         0x08002a5e   Section        0  stm32f4xx_ll_usb.o(i.USB_EPSetStall)
    i.USB_EPStartXfer                        0x08002abc   Section        0  stm32f4xx_ll_usb.o(i.USB_EPStartXfer)
    i.USB_EnableGlobalInt                    0x08002cd8   Section        0  stm32f4xx_ll_usb.o(i.USB_EnableGlobalInt)
    i.USB_FlushRxFifo                        0x08002ce4   Section        0  stm32f4xx_ll_usb.o(i.USB_FlushRxFifo)
    i.USB_FlushTxFifo                        0x08002d04   Section        0  stm32f4xx_ll_usb.o(i.USB_FlushTxFifo)
    i.USB_GetDevSpeed                        0x08002d28   Section        0  stm32f4xx_ll_usb.o(i.USB_GetDevSpeed)
    i.USB_GetMode                            0x08002d64   Section        0  stm32f4xx_ll_usb.o(i.USB_GetMode)
    i.USB_ReadDevAllInEpInterrupt            0x08002d6c   Section        0  stm32f4xx_ll_usb.o(i.USB_ReadDevAllInEpInterrupt)
    i.USB_ReadDevAllOutEpInterrupt           0x08002d7a   Section        0  stm32f4xx_ll_usb.o(i.USB_ReadDevAllOutEpInterrupt)
    i.USB_ReadDevInEPInterrupt               0x08002d88   Section        0  stm32f4xx_ll_usb.o(i.USB_ReadDevInEPInterrupt)
    i.USB_ReadDevOutEPInterrupt              0x08002da6   Section        0  stm32f4xx_ll_usb.o(i.USB_ReadDevOutEPInterrupt)
    i.USB_ReadInterrupts                     0x08002db6   Section        0  stm32f4xx_ll_usb.o(i.USB_ReadInterrupts)
    i.USB_ReadPacket                         0x08002dbe   Section        0  stm32f4xx_ll_usb.o(i.USB_ReadPacket)
    i.USB_SetCurrentMode                     0x08002dde   Section        0  stm32f4xx_ll_usb.o(i.USB_SetCurrentMode)
    i.USB_SetDevAddress                      0x08002e0a   Section        0  stm32f4xx_ll_usb.o(i.USB_SetDevAddress)
    i.USB_WritePacket                        0x08002e2c   Section        0  stm32f4xx_ll_usb.o(i.USB_WritePacket)
    i.__scatterload_copy                     0x08002e54   Section       14  handlers.o(i.__scatterload_copy)
    i.__scatterload_null                     0x08002e62   Section        2  handlers.o(i.__scatterload_null)
    i.__scatterload_zeroinit                 0x08002e64   Section       14  handlers.o(i.__scatterload_zeroinit)
    i.free                                   0x08002e74   Section        0  malloc.o(i.free)
    i.main                                   0x08002ec4   Section        0  main.o(i.main)
    i.malloc                                 0x08002f60   Section        0  malloc.o(i.malloc)
    .constdata                               0x08002fcc   Section       16  stm32f4xx_hal_rcc.o(.constdata)
    .data                                    0x20000000   Section      219  usbd_cdc.o(.data)
    ifalt                                    0x20000000   Data           1  usbd_cdc.o(.data)
    USBD_CDC_DeviceQualifierDesc             0x20000004   Data          10  usbd_cdc.o(.data)
    .data                                    0x200000dc   Section       56  usbd_cdc.o(.data)
    .data                                    0x20000114   Section        1  usbd_ctlreq.o(.data)
    cfgidx                                   0x20000114   Data           1  usbd_ctlreq.o(.data)
    .data                                    0x20000118   Section        4  stm32f4xx_hal.o(.data)
    uwTick                                   0x20000118   Data           4  stm32f4xx_hal.o(.data)
    .data                                    0x2000011c   Section       28  usbd_desc.o(.data)
    .data                                    0x20000138   Section       22  usbd_desc.o(.data)
    .data                                    0x20000150   Section       16  usbd_cdc_if.o(.data)
    .data                                    0x20000160   Section       12  usbd_cdc_if.o(.data)
    .data                                    0x2000016c   Section        4  system_stm32f4xx.o(.data)
    .data                                    0x20000170   Section        4  mvars.o(.data)
    .data                                    0x20000174   Section        4  mvars.o(.data)
    .bss                                     0x20000178   Section      548  usb_device.o(.bss)
    .bss                                     0x2000039c   Section      128  main.o(.bss)
    .bss                                     0x2000041c   Section      512  usbd_desc.o(.bss)
    .bss                                     0x2000061c   Section      948  usbd_conf.o(.bss)
    HEAP                                     0x200009d0   Section      512  startup_stm32f401xc.o(HEAP)
    STACK                                    0x20000bd0   Section     1024  startup_stm32f401xc.o(STACK)

    Global Symbols

    Symbol Name                              Value     Ov Type        Size  Object(Section)

    BuildAttributes$$THM_ISAv4$E$P$D$K$B$S$7EM$VFPi3$EXTD16$VFPS$VFMA$PE$A:L22UL41UL21$X:L11$S22US41US21$IEEE1$IW$USESV6$~STKCKD$USESV7$~SHL$OSPACE$EBA8$MICROLIB$REQ8$PRES8$EABIv2 0x00000000   Number         0  anon$$obj.o ABSOLUTE
    __ARM_use_no_argv                        0x00000000   Number         0  main.o ABSOLUTE
    __cpp_initialize__aeabi_                  - Undefined Weak Reference
    __cxa_finalize                            - Undefined Weak Reference
    _clock_init                               - Undefined Weak Reference
    _microlib_exit                            - Undefined Weak Reference
    __Vectors_Size                           0x00000194   Number         0  startup_stm32f401xc.o ABSOLUTE
    __Vectors                                0x08000000   Data           4  startup_stm32f401xc.o(RESET)
    __Vectors_End                            0x08000194   Data           0  startup_stm32f401xc.o(RESET)
    __main                                   0x08000195   Thumb Code     0  entry.o(.ARM.Collect$$$$00000000)
    _main_stk                                0x08000195   Thumb Code     0  entry2.o(.ARM.Collect$$$$00000001)
    _main_scatterload                        0x08000199   Thumb Code     0  entry5.o(.ARM.Collect$$$$00000004)
    __main_after_scatterload                 0x0800019d   Thumb Code     0  entry5.o(.ARM.Collect$$$$00000004)
    _main_clock                              0x0800019d   Thumb Code     0  entry7b.o(.ARM.Collect$$$$00000008)
    _main_cpp_init                           0x0800019d   Thumb Code     0  entry8b.o(.ARM.Collect$$$$0000000A)
    _main_init                               0x0800019d   Thumb Code     0  entry9a.o(.ARM.Collect$$$$0000000B)
    __rt_final_cpp                           0x080001a5   Thumb Code     0  entry10a.o(.ARM.Collect$$$$0000000D)
    __rt_final_exit                          0x080001a5   Thumb Code     0  entry11a.o(.ARM.Collect$$$$0000000F)
    Reset_Handler                            0x080001a9   Thumb Code     8  startup_stm32f401xc.o(.text)
    NMI_Handler                              0x080001b1   Thumb Code     2  startup_stm32f401xc.o(.text)
    HardFault_Handler                        0x080001b3   Thumb Code     2  startup_stm32f401xc.o(.text)
    MemManage_Handler                        0x080001b5   Thumb Code     2  startup_stm32f401xc.o(.text)
    BusFault_Handler                         0x080001b7   Thumb Code     2  startup_stm32f401xc.o(.text)
    UsageFault_Handler                       0x080001b9   Thumb Code     2  startup_stm32f401xc.o(.text)
    SVC_Handler                              0x080001bb   Thumb Code     2  startup_stm32f401xc.o(.text)
    DebugMon_Handler                         0x080001bd   Thumb Code     2  startup_stm32f401xc.o(.text)
    PendSV_Handler                           0x080001bf   Thumb Code     2  startup_stm32f401xc.o(.text)
    ADC_IRQHandler                           0x080001c3   Thumb Code     0  startup_stm32f401xc.o(.text)
    DMA1_Stream0_IRQHandler                  0x080001c3   Thumb Code     0  startup_stm32f401xc.o(.text)
    DMA1_Stream1_IRQHandler                  0x080001c3   Thumb Code     0  startup_stm32f401xc.o(.text)
    DMA1_Stream2_IRQHandler                  0x080001c3   Thumb Code     0  startup_stm32f401xc.o(.text)
    DMA1_Stream3_IRQHandler                  0x080001c3   Thumb Code     0  startup_stm32f401xc.o(.text)
    DMA1_Stream4_IRQHandler                  0x080001c3   Thumb Code     0  startup_stm32f401xc.o(.text)
    DMA1_Stream5_IRQHandler                  0x080001c3   Thumb Code     0  startup_stm32f401xc.o(.text)
    DMA1_Stream6_IRQHandler                  0x080001c3   Thumb Code     0  startup_stm32f401xc.o(.text)
    DMA1_Stream7_IRQHandler                  0x080001c3   Thumb Code     0  startup_stm32f401xc.o(.text)
    DMA2_Stream0_IRQHandler                  0x080001c3   Thumb Code     0  startup_stm32f401xc.o(.text)
    DMA2_Stream1_IRQHandler                  0x080001c3   Thumb Code     0  startup_stm32f401xc.o(.text)
    DMA2_Stream2_IRQHandler                  0x080001c3   Thumb Code     0  startup_stm32f401xc.o(.text)
    DMA2_Stream3_IRQHandler                  0x080001c3   Thumb Code     0  startup_stm32f401xc.o(.text)
    DMA2_Stream4_IRQHandler                  0x080001c3   Thumb Code     0  startup_stm32f401xc.o(.text)
    DMA2_Stream5_IRQHandler                  0x080001c3   Thumb Code     0  startup_stm32f401xc.o(.text)
    DMA2_Stream6_IRQHandler                  0x080001c3   Thumb Code     0  startup_stm32f401xc.o(.text)
    DMA2_Stream7_IRQHandler                  0x080001c3   Thumb Code     0  startup_stm32f401xc.o(.text)
    EXTI0_IRQHandler                         0x080001c3   Thumb Code     0  startup_stm32f401xc.o(.text)
    EXTI15_10_IRQHandler                     0x080001c3   Thumb Code     0  startup_stm32f401xc.o(.text)
    EXTI1_IRQHandler                         0x080001c3   Thumb Code     0  startup_stm32f401xc.o(.text)
    EXTI2_IRQHandler                         0x080001c3   Thumb Code     0  startup_stm32f401xc.o(.text)
    EXTI3_IRQHandler                         0x080001c3   Thumb Code     0  startup_stm32f401xc.o(.text)
    EXTI4_IRQHandler                         0x080001c3   Thumb Code     0  startup_stm32f401xc.o(.text)
    EXTI9_5_IRQHandler                       0x080001c3   Thumb Code     0  startup_stm32f401xc.o(.text)
    FLASH_IRQHandler                         0x080001c3   Thumb Code     0  startup_stm32f401xc.o(.text)
    FPU_IRQHandler                           0x080001c3   Thumb Code     0  startup_stm32f401xc.o(.text)
    I2C1_ER_IRQHandler                       0x080001c3   Thumb Code     0  startup_stm32f401xc.o(.text)
    I2C1_EV_IRQHandler                       0x080001c3   Thumb Code     0  startup_stm32f401xc.o(.text)
    I2C2_ER_IRQHandler                       0x080001c3   Thumb Code     0  startup_stm32f401xc.o(.text)
    I2C2_EV_IRQHandler                       0x080001c3   Thumb Code     0  startup_stm32f401xc.o(.text)
    I2C3_ER_IRQHandler                       0x080001c3   Thumb Code     0  startup_stm32f401xc.o(.text)
    I2C3_EV_IRQHandler                       0x080001c3   Thumb Code     0  startup_stm32f401xc.o(.text)
    OTG_FS_WKUP_IRQHandler                   0x080001c3   Thumb Code     0  startup_stm32f401xc.o(.text)
    PVD_IRQHandler                           0x080001c3   Thumb Code     0  startup_stm32f401xc.o(.text)
    RCC_IRQHandler                           0x080001c3   Thumb Code     0  startup_stm32f401xc.o(.text)
    RTC_Alarm_IRQHandler                     0x080001c3   Thumb Code     0  startup_stm32f401xc.o(.text)
    RTC_WKUP_IRQHandler                      0x080001c3   Thumb Code     0  startup_stm32f401xc.o(.text)
    SDIO_IRQHandler                          0x080001c3   Thumb Code     0  startup_stm32f401xc.o(.text)
    SPI1_IRQHandler                          0x080001c3   Thumb Code     0  startup_stm32f401xc.o(.text)
    SPI2_IRQHandler                          0x080001c3   Thumb Code     0  startup_stm32f401xc.o(.text)
    SPI3_IRQHandler                          0x080001c3   Thumb Code     0  startup_stm32f401xc.o(.text)
    SPI4_IRQHandler                          0x080001c3   Thumb Code     0  startup_stm32f401xc.o(.text)
    TAMP_STAMP_IRQHandler                    0x080001c3   Thumb Code     0  startup_stm32f401xc.o(.text)
    TIM1_BRK_TIM9_IRQHandler                 0x080001c3   Thumb Code     0  startup_stm32f401xc.o(.text)
    TIM1_CC_IRQHandler                       0x080001c3   Thumb Code     0  startup_stm32f401xc.o(.text)
    TIM1_TRG_COM_TIM11_IRQHandler            0x080001c3   Thumb Code     0  startup_stm32f401xc.o(.text)
    TIM1_UP_TIM10_IRQHandler                 0x080001c3   Thumb Code     0  startup_stm32f401xc.o(.text)
    TIM2_IRQHandler                          0x080001c3   Thumb Code     0  startup_stm32f401xc.o(.text)
    TIM3_IRQHandler                          0x080001c3   Thumb Code     0  startup_stm32f401xc.o(.text)
    TIM4_IRQHandler                          0x080001c3   Thumb Code     0  startup_stm32f401xc.o(.text)
    TIM5_IRQHandler                          0x080001c3   Thumb Code     0  startup_stm32f401xc.o(.text)
    USART1_IRQHandler                        0x080001c3   Thumb Code     0  startup_stm32f401xc.o(.text)
    USART6_IRQHandler                        0x080001c3   Thumb Code     0  startup_stm32f401xc.o(.text)
    WWDG_IRQHandler                          0x080001c3   Thumb Code     0  startup_stm32f401xc.o(.text)
    __aeabi_memcpy                           0x080001cd   Thumb Code    36  memcpya.o(.text)
    __aeabi_memcpy4                          0x080001cd   Thumb Code     0  memcpya.o(.text)
    __aeabi_memcpy8                          0x080001cd   Thumb Code     0  memcpya.o(.text)
    __scatterload                            0x080001f1   Thumb Code    28  init.o(.text)
    __scatterload_rt2                        0x080001f1   Thumb Code     0  init.o(.text)
    __decompress                             0x08000215   Thumb Code     0  __dczerorl2.o(.text)
    __decompress1                            0x08000215   Thumb Code    86  __dczerorl2.o(.text)
    HAL_Delay                                0x0800029d   Thumb Code    22  stm32f4xx_hal.o(i.HAL_Delay)
    HAL_GPIO_Init                            0x080002b5   Thumb Code   358  stm32f4xx_hal_gpio.o(i.HAL_GPIO_Init)
    HAL_GetTick                              0x0800043d   Thumb Code     6  stm32f4xx_hal.o(i.HAL_GetTick)
    HAL_IncTick                              0x08000449   Thumb Code    10  stm32f4xx_hal.o(i.HAL_IncTick)
    HAL_Init                                 0x08000459   Thumb Code    48  stm32f4xx_hal.o(i.HAL_Init)
    HAL_InitTick                             0x0800048d   Thumb Code    34  stm32f4xx_hal.o(i.HAL_InitTick)
    HAL_MspInit                              0x080004af   Thumb Code    22  stm32f4xx_hal_msp.o(i.HAL_MspInit)
    HAL_NVIC_EnableIRQ                       0x080004c5   Thumb Code    22  stm32f4xx_hal_cortex.o(i.HAL_NVIC_EnableIRQ)
    HAL_NVIC_SetPriority                     0x080004dd   Thumb Code    60  stm32f4xx_hal_cortex.o(i.HAL_NVIC_SetPriority)
    HAL_NVIC_SetPriorityGrouping             0x0800051d   Thumb Code    26  stm32f4xx_hal_cortex.o(i.HAL_NVIC_SetPriorityGrouping)
    HAL_PCDEx_SetRxFiFo                      0x08000541   Thumb Code     8  stm32f4xx_hal_pcd_ex.o(i.HAL_PCDEx_SetRxFiFo)
    HAL_PCDEx_SetTxFiFo                      0x08000549   Thumb Code    68  stm32f4xx_hal_pcd_ex.o(i.HAL_PCDEx_SetTxFiFo)
    HAL_PCD_ConnectCallback                  0x0800058d   Thumb Code     8  usbd_conf.o(i.HAL_PCD_ConnectCallback)
    HAL_PCD_DataInStageCallback              0x08000595   Thumb Code    18  usbd_conf.o(i.HAL_PCD_DataInStageCallback)
    HAL_PCD_DataOutStageCallback             0x080005a7   Thumb Code    20  usbd_conf.o(i.HAL_PCD_DataOutStageCallback)
    HAL_PCD_DisconnectCallback               0x080005bb   Thumb Code     8  usbd_conf.o(i.HAL_PCD_DisconnectCallback)
    HAL_PCD_EP_Close                         0x080005c3   Thumb Code    68  stm32f4xx_hal_pcd.o(i.HAL_PCD_EP_Close)
    HAL_PCD_EP_ClrStall                      0x08000607   Thumb Code    80  stm32f4xx_hal_pcd.o(i.HAL_PCD_EP_ClrStall)
    HAL_PCD_EP_GetRxCount                    0x08000657   Thumb Code    20  stm32f4xx_hal_pcd.o(i.HAL_PCD_EP_GetRxCount)
    HAL_PCD_EP_Open                          0x0800066b   Thumb Code    84  stm32f4xx_hal_pcd.o(i.HAL_PCD_EP_Open)
    HAL_PCD_EP_Receive                       0x080006c1   Thumb Code    94  stm32f4xx_hal_pcd.o(i.HAL_PCD_EP_Receive)
    HAL_PCD_EP_SetStall                      0x0800071f   Thumb Code    96  stm32f4xx_hal_pcd.o(i.HAL_PCD_EP_SetStall)
    HAL_PCD_EP_Transmit                      0x0800077f   Thumb Code    86  stm32f4xx_hal_pcd.o(i.HAL_PCD_EP_Transmit)
    HAL_PCD_IRQHandler                       0x080007d5   Thumb Code   996  stm32f4xx_hal_pcd.o(i.HAL_PCD_IRQHandler)
    HAL_PCD_ISOINIncompleteCallback          0x08000bb9   Thumb Code     8  usbd_conf.o(i.HAL_PCD_ISOINIncompleteCallback)
    HAL_PCD_ISOOUTIncompleteCallback         0x08000bc1   Thumb Code     8  usbd_conf.o(i.HAL_PCD_ISOOUTIncompleteCallback)
    HAL_PCD_Init                             0x08000bc9   Thumb Code   190  stm32f4xx_hal_pcd.o(i.HAL_PCD_Init)
    HAL_PCD_MspInit                          0x08000c89   Thumb Code    92  usbd_conf.o(i.HAL_PCD_MspInit)
    HAL_PCD_ResetCallback                    0x08000ced   Thumb Code    32  usbd_conf.o(i.HAL_PCD_ResetCallback)
    HAL_PCD_ResumeCallback                   0x08000d0d   Thumb Code     8  usbd_conf.o(i.HAL_PCD_ResumeCallback)
    HAL_PCD_SOFCallback                      0x08000d15   Thumb Code     8  usbd_conf.o(i.HAL_PCD_SOFCallback)
    HAL_PCD_SetAddress                       0x08000d1d   Thumb Code    36  stm32f4xx_hal_pcd.o(i.HAL_PCD_SetAddress)
    HAL_PCD_SetupStageCallback               0x08000d41   Thumb Code    14  usbd_conf.o(i.HAL_PCD_SetupStageCallback)
    HAL_PCD_Start                            0x08000d4f   Thumb Code    42  stm32f4xx_hal_pcd.o(i.HAL_PCD_Start)
    HAL_PCD_SuspendCallback                  0x08000d79   Thumb Code    44  usbd_conf.o(i.HAL_PCD_SuspendCallback)
    HAL_RCC_ClockConfig                      0x08000da9   Thumb Code   514  stm32f4xx_hal_rcc.o(i.HAL_RCC_ClockConfig)
    HAL_RCC_GetHCLKFreq                      0x08000fb5   Thumb Code    38  stm32f4xx_hal_rcc.o(i.HAL_RCC_GetHCLKFreq)
    HAL_RCC_GetPCLK1Freq                     0x08000fe9   Thumb Code    36  stm32f4xx_hal_rcc.o(i.HAL_RCC_GetPCLK1Freq)
    HAL_RCC_GetPCLK2Freq                     0x08001015   Thumb Code    36  stm32f4xx_hal_rcc.o(i.HAL_RCC_GetPCLK2Freq)
    HAL_RCC_GetSysClockFreq                  0x08001041   Thumb Code   104  stm32f4xx_hal_rcc.o(i.HAL_RCC_GetSysClockFreq)
    HAL_RCC_OscConfig                        0x080010b1   Thumb Code   806  stm32f4xx_hal_rcc.o(i.HAL_RCC_OscConfig)
    HAL_SYSTICK_CLKSourceConfig              0x080013ed   Thumb Code    24  stm32f4xx_hal_cortex.o(i.HAL_SYSTICK_CLKSourceConfig)
    HAL_SYSTICK_Callback                     0x08001405   Thumb Code     2  stm32f4xx_hal_cortex.o(i.HAL_SYSTICK_Callback)
    HAL_SYSTICK_Config                       0x08001407   Thumb Code    40  stm32f4xx_hal_cortex.o(i.HAL_SYSTICK_Config)
    HAL_SYSTICK_IRQHandler                   0x0800142f   Thumb Code     8  stm32f4xx_hal_cortex.o(i.HAL_SYSTICK_IRQHandler)
    HAL_UART_ErrorCallback                   0x08001437   Thumb Code     2  stm32f4xx_hal_uart.o(i.HAL_UART_ErrorCallback)
    HAL_UART_IRQHandler                      0x08001439   Thumb Code   266  stm32f4xx_hal_uart.o(i.HAL_UART_IRQHandler)
    HAL_UART_Init                            0x08001543   Thumb Code    94  stm32f4xx_hal_uart.o(i.HAL_UART_Init)
    HAL_UART_MspInit                         0x080015a1   Thumb Code   112  stm32f4xx_hal_msp.o(i.HAL_UART_MspInit)
    HAL_UART_RxCpltCallback                  0x08001621   Thumb Code     2  stm32f4xx_hal_uart.o(i.HAL_UART_RxCpltCallback)
    HAL_UART_TxCpltCallback                  0x08001623   Thumb Code     2  stm32f4xx_hal_uart.o(i.HAL_UART_TxCpltCallback)
    MX_USB_DEVICE_Init                       0x08001625   Thumb Code    38  usb_device.o(i.MX_USB_DEVICE_Init)
    OTG_FS_IRQHandler                        0x0800167d   Thumb Code     6  stm32f4xx_it.o(i.OTG_FS_IRQHandler)
    SysTick_Handler                          0x0800171f   Thumb Code    14  stm32f4xx_it.o(i.SysTick_Handler)
    SystemClock_Config                       0x0800172d   Thumb Code   128  main.o(i.SystemClock_Config)
    SystemInit                               0x080017b5   Thumb Code    66  system_stm32f4xx.o(i.SystemInit)
    USART2_IRQHandler                        0x08001a91   Thumb Code     6  stm32f4xx_it.o(i.USART2_IRQHandler)
    USBD_CDC_GetDeviceQualifierDescriptor    0x08001b41   Thumb Code     8  usbd_cdc.o(i.USBD_CDC_GetDeviceQualifierDescriptor)
    USBD_CDC_RegisterInterface               0x08001bf9   Thumb Code    16  usbd_cdc.o(i.USBD_CDC_RegisterInterface)
    USBD_CDC_SetRxBuffer                     0x08001c09   Thumb Code    12  usbd_cdc.o(i.USBD_CDC_SetRxBuffer)
    USBD_CDC_SetTxBuffer                     0x08001c15   Thumb Code    16  usbd_cdc.o(i.USBD_CDC_SetTxBuffer)
    USBD_ClrClassConfig                      0x08001c95   Thumb Code    14  usbd_core.o(i.USBD_ClrClassConfig)
    USBD_CtlContinueRx                       0x08001ca3   Thumb Code    16  usbd_ioreq.o(i.USBD_CtlContinueRx)
    USBD_CtlContinueSendData                 0x08001cb3   Thumb Code    16  usbd_ioreq.o(i.USBD_CtlContinueSendData)
    USBD_CtlError                            0x08001cc3   Thumb Code    22  usbd_ctlreq.o(i.USBD_CtlError)
    USBD_CtlPrepareRx                        0x08001cd9   Thumb Code    30  usbd_ioreq.o(i.USBD_CtlPrepareRx)
    USBD_CtlReceiveStatus                    0x08001cf7   Thumb Code    22  usbd_ioreq.o(i.USBD_CtlReceiveStatus)
    USBD_CtlSendData                         0x08001d0d   Thumb Code    26  usbd_ioreq.o(i.USBD_CtlSendData)
    USBD_CtlSendStatus                       0x08001d27   Thumb Code    22  usbd_ioreq.o(i.USBD_CtlSendStatus)
    USBD_FS_ConfigStrDescriptor              0x08001d3d   Thumb Code    16  usbd_desc.o(i.USBD_FS_ConfigStrDescriptor)
    USBD_FS_DeviceDescriptor                 0x08001d5d   Thumb Code     8  usbd_desc.o(i.USBD_FS_DeviceDescriptor)
    USBD_FS_InterfaceStrDescriptor           0x08001d69   Thumb Code    16  usbd_desc.o(i.USBD_FS_InterfaceStrDescriptor)
    USBD_FS_LangIDStrDescriptor              0x08001d8d   Thumb Code     8  usbd_desc.o(i.USBD_FS_LangIDStrDescriptor)
    USBD_FS_ManufacturerStrDescriptor        0x08001d99   Thumb Code    16  usbd_desc.o(i.USBD_FS_ManufacturerStrDescriptor)
    USBD_FS_ProductStrDescriptor             0x08001dc1   Thumb Code    16  usbd_desc.o(i.USBD_FS_ProductStrDescriptor)
    USBD_FS_SerialStrDescriptor              0x08001ded   Thumb Code    16  usbd_desc.o(i.USBD_FS_SerialStrDescriptor)
    USBD_GetString                           0x08001ef1   Thumb Code    70  usbd_ctlreq.o(i.USBD_GetString)
    USBD_Init                                0x08001f37   Thumb Code    42  usbd_core.o(i.USBD_Init)
    USBD_LL_ClearStallEP                     0x08001f61   Thumb Code    14  usbd_conf.o(i.USBD_LL_ClearStallEP)
    USBD_LL_CloseEP                          0x08001f6f   Thumb Code    14  usbd_conf.o(i.USBD_LL_CloseEP)
    USBD_LL_DataInStage                      0x08001f7d   Thumb Code   170  usbd_core.o(i.USBD_LL_DataInStage)
    USBD_LL_DataOutStage                     0x08002027   Thumb Code   106  usbd_core.o(i.USBD_LL_DataOutStage)
    USBD_LL_DevConnected                     0x08002091   Thumb Code     4  usbd_core.o(i.USBD_LL_DevConnected)
    USBD_LL_DevDisconnected                  0x08002095   Thumb Code    22  usbd_core.o(i.USBD_LL_DevDisconnected)
    USBD_LL_GetRxDataSize                    0x080020ab   Thumb Code     8  usbd_conf.o(i.USBD_LL_GetRxDataSize)
    USBD_LL_Init                             0x080020b5   Thumb Code    88  usbd_conf.o(i.USBD_LL_Init)
    USBD_LL_IsStallEP                        0x08002111   Thumb Code    32  usbd_conf.o(i.USBD_LL_IsStallEP)
    USBD_LL_IsoINIncomplete                  0x08002131   Thumb Code     4  usbd_core.o(i.USBD_LL_IsoINIncomplete)
    USBD_LL_IsoOUTIncomplete                 0x08002135   Thumb Code     4  usbd_core.o(i.USBD_LL_IsoOUTIncomplete)
    USBD_LL_OpenEP                           0x08002139   Thumb Code    20  usbd_conf.o(i.USBD_LL_OpenEP)
    USBD_LL_PrepareReceive                   0x0800214d   Thumb Code    14  usbd_conf.o(i.USBD_LL_PrepareReceive)
    USBD_LL_Reset                            0x0800215b   Thumb Code    62  usbd_core.o(i.USBD_LL_Reset)
    USBD_LL_Resume                           0x08002199   Thumb Code    12  usbd_core.o(i.USBD_LL_Resume)
    USBD_LL_SOF                              0x080021a5   Thumb Code    24  usbd_core.o(i.USBD_LL_SOF)
    USBD_LL_SetSpeed                         0x080021bd   Thumb Code     6  usbd_core.o(i.USBD_LL_SetSpeed)
    USBD_LL_SetUSBAddress                    0x080021c3   Thumb Code    14  usbd_conf.o(i.USBD_LL_SetUSBAddress)
    USBD_LL_SetupStage                       0x080021d1   Thumb Code    90  usbd_core.o(i.USBD_LL_SetupStage)
    USBD_LL_StallEP                          0x0800222b   Thumb Code    14  usbd_conf.o(i.USBD_LL_StallEP)
    USBD_LL_Start                            0x08002239   Thumb Code    14  usbd_conf.o(i.USBD_LL_Start)
    USBD_LL_Suspend                          0x08002247   Thumb Code    18  usbd_core.o(i.USBD_LL_Suspend)
    USBD_LL_Transmit                         0x08002259   Thumb Code    14  usbd_conf.o(i.USBD_LL_Transmit)
    USBD_ParseSetupRequest                   0x08002267   Thumb Code    40  usbd_ctlreq.o(i.USBD_ParseSetupRequest)
    USBD_RegisterClass                       0x0800228f   Thumb Code    16  usbd_core.o(i.USBD_RegisterClass)
    USBD_SetClassConfig                      0x0800229f   Thumb Code    22  usbd_core.o(i.USBD_SetClassConfig)
    USBD_Start                               0x08002329   Thumb Code    10  usbd_core.o(i.USBD_Start)
    USBD_StdDevReq                           0x08002333   Thumb Code   242  usbd_ctlreq.o(i.USBD_StdDevReq)
    USBD_StdEPReq                            0x08002425   Thumb Code   220  usbd_ctlreq.o(i.USBD_StdEPReq)
    USBD_StdItfReq                           0x08002501   Thumb Code    52  usbd_ctlreq.o(i.USBD_StdItfReq)
    USB_ActivateEndpoint                     0x08002535   Thumb Code   122  stm32f4xx_ll_usb.o(i.USB_ActivateEndpoint)
    USB_ActivateSetup                        0x080025b5   Thumb Code    52  stm32f4xx_ll_usb.o(i.USB_ActivateSetup)
    USB_CoreInit                             0x080025e9   Thumb Code   104  stm32f4xx_ll_usb.o(i.USB_CoreInit)
    USB_DeactivateEndpoint                   0x0800268d   Thumb Code   110  stm32f4xx_ll_usb.o(i.USB_DeactivateEndpoint)
    USB_DevConnect                           0x080026fb   Thumb Code    24  stm32f4xx_ll_usb.o(i.USB_DevConnect)
    USB_DevDisconnect                        0x08002713   Thumb Code    24  stm32f4xx_ll_usb.o(i.USB_DevDisconnect)
    USB_DevInit                              0x0800272d   Thumb Code   306  stm32f4xx_ll_usb.o(i.USB_DevInit)
    USB_DisableGlobalInt                     0x08002871   Thumb Code    12  stm32f4xx_ll_usb.o(i.USB_DisableGlobalInt)
    USB_EP0StartXfer                         0x0800287d   Thumb Code   316  stm32f4xx_ll_usb.o(i.USB_EP0StartXfer)
    USB_EP0_OutStart                         0x080029bd   Thumb Code    62  stm32f4xx_ll_usb.o(i.USB_EP0_OutStart)
    USB_EPClearStall                         0x080029fb   Thumb Code   100  stm32f4xx_ll_usb.o(i.USB_EPClearStall)
    USB_EPSetStall                           0x08002a5f   Thumb Code    94  stm32f4xx_ll_usb.o(i.USB_EPSetStall)
    USB_EPStartXfer                          0x08002abd   Thumb Code   534  stm32f4xx_ll_usb.o(i.USB_EPStartXfer)
    USB_EnableGlobalInt                      0x08002cd9   Thumb Code    12  stm32f4xx_ll_usb.o(i.USB_EnableGlobalInt)
    USB_FlushRxFifo                          0x08002ce5   Thumb Code    28  stm32f4xx_ll_usb.o(i.USB_FlushRxFifo)
    USB_FlushTxFifo                          0x08002d05   Thumb Code    32  stm32f4xx_ll_usb.o(i.USB_FlushTxFifo)
    USB_GetDevSpeed                          0x08002d29   Thumb Code    60  stm32f4xx_ll_usb.o(i.USB_GetDevSpeed)
    USB_GetMode                              0x08002d65   Thumb Code     8  stm32f4xx_ll_usb.o(i.USB_GetMode)
    USB_ReadDevAllInEpInterrupt              0x08002d6d   Thumb Code    14  stm32f4xx_ll_usb.o(i.USB_ReadDevAllInEpInterrupt)
    USB_ReadDevAllOutEpInterrupt             0x08002d7b   Thumb Code    14  stm32f4xx_ll_usb.o(i.USB_ReadDevAllOutEpInterrupt)
    USB_ReadDevInEPInterrupt                 0x08002d89   Thumb Code    30  stm32f4xx_ll_usb.o(i.USB_ReadDevInEPInterrupt)
    USB_ReadDevOutEPInterrupt                0x08002da7   Thumb Code    16  stm32f4xx_ll_usb.o(i.USB_ReadDevOutEPInterrupt)
    USB_ReadInterrupts                       0x08002db7   Thumb Code     8  stm32f4xx_ll_usb.o(i.USB_ReadInterrupts)
    USB_ReadPacket                           0x08002dbf   Thumb Code    32  stm32f4xx_ll_usb.o(i.USB_ReadPacket)
    USB_SetCurrentMode                       0x08002ddf   Thumb Code    44  stm32f4xx_ll_usb.o(i.USB_SetCurrentMode)
    USB_SetDevAddress                        0x08002e0b   Thumb Code    34  stm32f4xx_ll_usb.o(i.USB_SetDevAddress)
    USB_WritePacket                          0x08002e2d   Thumb Code    40  stm32f4xx_ll_usb.o(i.USB_WritePacket)
    __scatterload_copy                       0x08002e55   Thumb Code    14  handlers.o(i.__scatterload_copy)
    __scatterload_null                       0x08002e63   Thumb Code     2  handlers.o(i.__scatterload_null)
    __scatterload_zeroinit                   0x08002e65   Thumb Code    14  handlers.o(i.__scatterload_zeroinit)
    free                                     0x08002e75   Thumb Code    76  malloc.o(i.free)
    main                                     0x08002ec5   Thumb Code   130  main.o(i.main)
    malloc                                   0x08002f61   Thumb Code    92  malloc.o(i.malloc)
    APBAHBPrescTable                         0x08002fcc   Data          16  stm32f4xx_hal_rcc.o(.constdata)
    Region$$Table$$Base                      0x08002fdc   Number         0  anon$$obj.o(Region$$Table)
    Region$$Table$$Limit                     0x08002ffc   Number         0  anon$$obj.o(Region$$Table)
    USBD_CDC_CfgHSDesc                       0x20000010   Data          67  usbd_cdc.o(.data)
    USBD_CDC_CfgFSDesc                       0x20000054   Data          67  usbd_cdc.o(.data)
    USBD_CDC_OtherSpeedCfgDesc               0x20000098   Data          67  usbd_cdc.o(.data)
    USBD_CDC                                 0x200000dc   Data          56  usbd_cdc.o(.data)
    FS_Desc                                  0x2000011c   Data          28  usbd_desc.o(.data)
    USBD_LangIDDesc                          0x20000138   Data           4  usbd_desc.o(.data)
    USBD_FS_DeviceDesc                       0x2000013c   Data          18  usbd_desc.o(.data)
    USBD_Interface_fops_FS                   0x20000150   Data          16  usbd_cdc_if.o(.data)
    UserRxBufferFS                           0x20000160   Data           4  usbd_cdc_if.o(.data)
    UserTxBufferFS                           0x20000164   Data           4  usbd_cdc_if.o(.data)
    hUsbDevice_0                             0x20000168   Data           4  usbd_cdc_if.o(.data)
    SystemCoreClock                          0x2000016c   Data           4  system_stm32f4xx.o(.data)
    __microlib_freelist                      0x20000170   Data           4  mvars.o(.data)
    __microlib_freelist_initialised          0x20000174   Data           4  mvars.o(.data)
    hUsbDeviceFS                             0x20000178   Data         548  usb_device.o(.bss)
    huart1                                   0x2000039c   Data          64  main.o(.bss)
    huart2                                   0x200003dc   Data          64  main.o(.bss)
    USBD_StrDesc                             0x2000041c   Data         512  usbd_desc.o(.bss)
    hpcd_USB_OTG_FS                          0x2000061c   Data         948  usbd_conf.o(.bss)
    __heap_base                              0x200009d0   Data           0  startup_stm32f401xc.o(HEAP)
    __heap_limit                             0x20000bd0   Data           0  startup_stm32f401xc.o(HEAP)
    __initial_sp                             0x20000fd0   Data           0  startup_stm32f401xc.o(STACK)



==============================================================================

Memory Map of the image

  Image Entry point : 0x08000195

  Load Region LR_IROM1 (Base: 0x08000000, Size: 0x00003174, Max: 0x00040000, ABSOLUTE, COMPRESSED[0x000030b8])

    Execution Region ER_IROM1 (Base: 0x08000000, Size: 0x00002ffc, Max: 0x00040000, ABSOLUTE)

    Base Addr    Size         Type   Attr      Idx    E Section Name        Object

    0x08000000   0x00000194   Data   RO         2709    RESET               startup_stm32f401xc.o
    0x08000194   0x00000000   Code   RO         2751  * .ARM.Collect$$$$00000000  mc_w.l(entry.o)
    0x08000194   0x00000004   Code   RO         2786    .ARM.Collect$$$$00000001  mc_w.l(entry2.o)
    0x08000198   0x00000004   Code   RO         2789    .ARM.Collect$$$$00000004  mc_w.l(entry5.o)
    0x0800019c   0x00000000   Code   RO         2791    .ARM.Collect$$$$00000008  mc_w.l(entry7b.o)
    0x0800019c   0x00000000   Code   RO         2793    .ARM.Collect$$$$0000000A  mc_w.l(entry8b.o)
    0x0800019c   0x00000008   Code   RO         2794    .ARM.Collect$$$$0000000B  mc_w.l(entry9a.o)
    0x080001a4   0x00000000   Code   RO         2796    .ARM.Collect$$$$0000000D  mc_w.l(entry10a.o)
    0x080001a4   0x00000000   Code   RO         2798    .ARM.Collect$$$$0000000F  mc_w.l(entry11a.o)
    0x080001a4   0x00000004   Code   RO         2787    .ARM.Collect$$$$00002712  mc_w.l(entry2.o)
    0x080001a8   0x00000024   Code   RO         2710    .text               startup_stm32f401xc.o
    0x080001cc   0x00000024   Code   RO         2754    .text               mc_w.l(memcpya.o)
    0x080001f0   0x00000024   Code   RO         2802    .text               mc_w.l(init.o)
    0x08000214   0x00000056   Code   RO         2812    .text               mc_w.l(__dczerorl2.o)
    0x0800026a   0x00000004   Code   RO         2622    i.CDC_Control_FS    usbd_cdc_if.o
    0x0800026e   0x00000004   Code   RO         2623    i.CDC_DeInit_FS     usbd_cdc_if.o
    0x08000272   0x00000002   PAD
    0x08000274   0x00000024   Code   RO         2624    i.CDC_Init_FS       usbd_cdc_if.o
    0x08000298   0x00000004   Code   RO         2625    i.CDC_Receive_FS    usbd_cdc_if.o
    0x0800029c   0x00000016   Code   RO         2111    i.HAL_Delay         stm32f4xx_hal.o
    0x080002b2   0x00000002   PAD
    0x080002b4   0x00000188   Code   RO         1649    i.HAL_GPIO_Init     stm32f4xx_hal_gpio.o
    0x0800043c   0x0000000c   Code   RO         2117    i.HAL_GetTick       stm32f4xx_hal.o
    0x08000448   0x00000010   Code   RO         2118    i.HAL_IncTick       stm32f4xx_hal.o
    0x08000458   0x00000034   Code   RO         2119    i.HAL_Init          stm32f4xx_hal.o
    0x0800048c   0x00000022   Code   RO         2120    i.HAL_InitTick      stm32f4xx_hal.o
    0x080004ae   0x00000016   Code   RO         2674    i.HAL_MspInit       stm32f4xx_hal_msp.o
    0x080004c4   0x00000016   Code   RO          613    i.HAL_NVIC_EnableIRQ  stm32f4xx_hal_cortex.o
    0x080004da   0x00000002   PAD
    0x080004dc   0x00000040   Code   RO          619    i.HAL_NVIC_SetPriority  stm32f4xx_hal_cortex.o
    0x0800051c   0x00000024   Code   RO          620    i.HAL_NVIC_SetPriorityGrouping  stm32f4xx_hal_cortex.o
    0x08000540   0x00000008   Code   RO         1712    i.HAL_PCDEx_SetRxFiFo  stm32f4xx_hal_pcd_ex.o
    0x08000548   0x00000044   Code   RO         1713    i.HAL_PCDEx_SetTxFiFo  stm32f4xx_hal_pcd_ex.o
    0x0800058c   0x00000008   Code   RO         2393    i.HAL_PCD_ConnectCallback  usbd_conf.o
    0x08000594   0x00000012   Code   RO         2394    i.HAL_PCD_DataInStageCallback  usbd_conf.o
    0x080005a6   0x00000014   Code   RO         2395    i.HAL_PCD_DataOutStageCallback  usbd_conf.o
    0x080005ba   0x00000008   Code   RO         2396    i.HAL_PCD_DisconnectCallback  usbd_conf.o
    0x080005c2   0x00000044   Code   RO          855    i.HAL_PCD_EP_Close  stm32f4xx_hal_pcd.o
    0x08000606   0x00000050   Code   RO          856    i.HAL_PCD_EP_ClrStall  stm32f4xx_hal_pcd.o
    0x08000656   0x00000014   Code   RO          858    i.HAL_PCD_EP_GetRxCount  stm32f4xx_hal_pcd.o
    0x0800066a   0x00000054   Code   RO          859    i.HAL_PCD_EP_Open   stm32f4xx_hal_pcd.o
    0x080006be   0x00000002   PAD
    0x080006c0   0x0000005e   Code   RO          860    i.HAL_PCD_EP_Receive  stm32f4xx_hal_pcd.o
    0x0800071e   0x00000060   Code   RO          861    i.HAL_PCD_EP_SetStall  stm32f4xx_hal_pcd.o
    0x0800077e   0x00000056   Code   RO          862    i.HAL_PCD_EP_Transmit  stm32f4xx_hal_pcd.o
    0x080007d4   0x000003e4   Code   RO          864    i.HAL_PCD_IRQHandler  stm32f4xx_hal_pcd.o
    0x08000bb8   0x00000008   Code   RO         2397    i.HAL_PCD_ISOINIncompleteCallback  usbd_conf.o
    0x08000bc0   0x00000008   Code   RO         2398    i.HAL_PCD_ISOOUTIncompleteCallback  usbd_conf.o
    0x08000bc8   0x000000be   Code   RO          867    i.HAL_PCD_Init      stm32f4xx_hal_pcd.o
    0x08000c86   0x00000002   PAD
    0x08000c88   0x00000064   Code   RO         2400    i.HAL_PCD_MspInit   usbd_conf.o
    0x08000cec   0x00000020   Code   RO         2401    i.HAL_PCD_ResetCallback  usbd_conf.o
    0x08000d0c   0x00000008   Code   RO         2402    i.HAL_PCD_ResumeCallback  usbd_conf.o
    0x08000d14   0x00000008   Code   RO         2403    i.HAL_PCD_SOFCallback  usbd_conf.o
    0x08000d1c   0x00000024   Code   RO          873    i.HAL_PCD_SetAddress  stm32f4xx_hal_pcd.o
    0x08000d40   0x0000000e   Code   RO         2404    i.HAL_PCD_SetupStageCallback  usbd_conf.o
    0x08000d4e   0x0000002a   Code   RO          875    i.HAL_PCD_Start     stm32f4xx_hal_pcd.o
    0x08000d78   0x00000030   Code   RO         2405    i.HAL_PCD_SuspendCallback  usbd_conf.o
    0x08000da8   0x0000020c   Code   RO         1062    i.HAL_RCC_ClockConfig  stm32f4xx_hal_rcc.o
    0x08000fb4   0x00000034   Code   RO         1067    i.HAL_RCC_GetHCLKFreq  stm32f4xx_hal_rcc.o
    0x08000fe8   0x0000002c   Code   RO         1069    i.HAL_RCC_GetPCLK1Freq  stm32f4xx_hal_rcc.o
    0x08001014   0x0000002c   Code   RO         1070    i.HAL_RCC_GetPCLK2Freq  stm32f4xx_hal_rcc.o
    0x08001040   0x00000070   Code   RO         1071    i.HAL_RCC_GetSysClockFreq  stm32f4xx_hal_rcc.o
    0x080010b0   0x0000033c   Code   RO         1074    i.HAL_RCC_OscConfig  stm32f4xx_hal_rcc.o
    0x080013ec   0x00000018   Code   RO          622    i.HAL_SYSTICK_CLKSourceConfig  stm32f4xx_hal_cortex.o
    0x08001404   0x00000002   Code   RO          623    i.HAL_SYSTICK_Callback  stm32f4xx_hal_cortex.o
    0x08001406   0x00000028   Code   RO          624    i.HAL_SYSTICK_Config  stm32f4xx_hal_cortex.o
    0x0800142e   0x00000008   Code   RO          625    i.HAL_SYSTICK_IRQHandler  stm32f4xx_hal_cortex.o
    0x08001436   0x00000002   Code   RO         1784    i.HAL_UART_ErrorCallback  stm32f4xx_hal_uart.o
    0x08001438   0x0000010a   Code   RO         1787    i.HAL_UART_IRQHandler  stm32f4xx_hal_uart.o
    0x08001542   0x0000005e   Code   RO         1788    i.HAL_UART_Init     stm32f4xx_hal_uart.o
    0x080015a0   0x00000080   Code   RO         2676    i.HAL_UART_MspInit  stm32f4xx_hal_msp.o
    0x08001620   0x00000002   Code   RO         1794    i.HAL_UART_RxCpltCallback  stm32f4xx_hal_uart.o
    0x08001622   0x00000002   Code   RO         1799    i.HAL_UART_TxCpltCallback  stm32f4xx_hal_uart.o
    0x08001624   0x00000038   Code   RO         2250    i.MX_USB_DEVICE_Init  usb_device.o
    0x0800165c   0x00000020   Code   RO          626    i.NVIC_SetPriority  stm32f4xx_hal_cortex.o
    0x0800167c   0x0000000c   Code   RO         2582    i.OTG_FS_IRQHandler  stm32f4xx_it.o
    0x08001688   0x00000096   Code   RO          878    i.PCD_WriteEmptyTxFifo  stm32f4xx_hal_pcd.o
    0x0800171e   0x0000000e   Code   RO         2583    i.SysTick_Handler   stm32f4xx_it.o
    0x0800172c   0x00000088   Code   RO         2288    i.SystemClock_Config  main.o
    0x080017b4   0x00000054   Code   RO         2718    i.SystemInit        system_stm32f4xx.o
    0x08001808   0x000000a8   Code   RO         1806    i.UART_Receive_IT   stm32f4xx_hal_uart.o
    0x080018b0   0x00000178   Code   RO         1807    i.UART_SetConfig    stm32f4xx_hal_uart.o
    0x08001a28   0x00000066   Code   RO         1808    i.UART_Transmit_IT  stm32f4xx_hal_uart.o
    0x08001a8e   0x00000002   PAD
    0x08001a90   0x0000000c   Code   RO         2584    i.USART2_IRQHandler  stm32f4xx_it.o
    0x08001a9c   0x00000014   Code   RO            4    i.USBD_CDC_DataIn   usbd_cdc.o
    0x08001ab0   0x0000002e   Code   RO            5    i.USBD_CDC_DataOut  usbd_cdc.o
    0x08001ade   0x0000003c   Code   RO            6    i.USBD_CDC_DeInit   usbd_cdc.o
    0x08001b1a   0x00000024   Code   RO            7    i.USBD_CDC_EP0_RxReady  usbd_cdc.o
    0x08001b3e   0x00000002   PAD
    0x08001b40   0x0000000c   Code   RO            8    i.USBD_CDC_GetDeviceQualifierDescriptor  usbd_cdc.o
    0x08001b4c   0x0000000c   Code   RO            9    i.USBD_CDC_GetFSCfgDesc  usbd_cdc.o
    0x08001b58   0x0000000c   Code   RO           10    i.USBD_CDC_GetHSCfgDesc  usbd_cdc.o
    0x08001b64   0x0000000c   Code   RO           11    i.USBD_CDC_GetOtherSpeedCfgDesc  usbd_cdc.o
    0x08001b70   0x00000088   Code   RO           12    i.USBD_CDC_Init     usbd_cdc.o
    0x08001bf8   0x00000010   Code   RO           14    i.USBD_CDC_RegisterInterface  usbd_cdc.o
    0x08001c08   0x0000000c   Code   RO           15    i.USBD_CDC_SetRxBuffer  usbd_cdc.o
    0x08001c14   0x00000010   Code   RO           16    i.USBD_CDC_SetTxBuffer  usbd_cdc.o
    0x08001c24   0x00000070   Code   RO           17    i.USBD_CDC_Setup    usbd_cdc.o
    0x08001c94   0x0000000e   Code   RO          353    i.USBD_ClrClassConfig  usbd_core.o
    0x08001ca2   0x00000010   Code   RO          293    i.USBD_CtlContinueRx  usbd_ioreq.o
    0x08001cb2   0x00000010   Code   RO          294    i.USBD_CtlContinueSendData  usbd_ioreq.o
    0x08001cc2   0x00000016   Code   RO          228    i.USBD_CtlError     usbd_ctlreq.o
    0x08001cd8   0x0000001e   Code   RO          295    i.USBD_CtlPrepareRx  usbd_ioreq.o
    0x08001cf6   0x00000016   Code   RO          296    i.USBD_CtlReceiveStatus  usbd_ioreq.o
    0x08001d0c   0x0000001a   Code   RO          297    i.USBD_CtlSendData  usbd_ioreq.o
    0x08001d26   0x00000016   Code   RO          298    i.USBD_CtlSendStatus  usbd_ioreq.o
    0x08001d3c   0x00000020   Code   RO         2325    i.USBD_FS_ConfigStrDescriptor  usbd_desc.o
    0x08001d5c   0x0000000c   Code   RO         2326    i.USBD_FS_DeviceDescriptor  usbd_desc.o
    0x08001d68   0x00000024   Code   RO         2327    i.USBD_FS_InterfaceStrDescriptor  usbd_desc.o
    0x08001d8c   0x0000000c   Code   RO         2328    i.USBD_FS_LangIDStrDescriptor  usbd_desc.o
    0x08001d98   0x00000028   Code   RO         2329    i.USBD_FS_ManufacturerStrDescriptor  usbd_desc.o
    0x08001dc0   0x0000002c   Code   RO         2330    i.USBD_FS_ProductStrDescriptor  usbd_desc.o
    0x08001dec   0x00000024   Code   RO         2331    i.USBD_FS_SerialStrDescriptor  usbd_desc.o
    0x08001e10   0x000000e0   Code   RO          229    i.USBD_GetDescriptor  usbd_ctlreq.o
    0x08001ef0   0x00000046   Code   RO          230    i.USBD_GetString    usbd_ctlreq.o
    0x08001f36   0x0000002a   Code   RO          355    i.USBD_Init         usbd_core.o
    0x08001f60   0x0000000e   Code   RO         2406    i.USBD_LL_ClearStallEP  usbd_conf.o
    0x08001f6e   0x0000000e   Code   RO         2407    i.USBD_LL_CloseEP   usbd_conf.o
    0x08001f7c   0x000000aa   Code   RO          356    i.USBD_LL_DataInStage  usbd_core.o
    0x08002026   0x0000006a   Code   RO          357    i.USBD_LL_DataOutStage  usbd_core.o
    0x08002090   0x00000004   Code   RO          358    i.USBD_LL_DevConnected  usbd_core.o
    0x08002094   0x00000016   Code   RO          359    i.USBD_LL_DevDisconnected  usbd_core.o
    0x080020aa   0x00000008   Code   RO         2411    i.USBD_LL_GetRxDataSize  usbd_conf.o
    0x080020b2   0x00000002   PAD
    0x080020b4   0x0000005c   Code   RO         2412    i.USBD_LL_Init      usbd_conf.o
    0x08002110   0x00000020   Code   RO         2413    i.USBD_LL_IsStallEP  usbd_conf.o
    0x08002130   0x00000004   Code   RO          360    i.USBD_LL_IsoINIncomplete  usbd_core.o
    0x08002134   0x00000004   Code   RO          361    i.USBD_LL_IsoOUTIncomplete  usbd_core.o
    0x08002138   0x00000014   Code   RO         2414    i.USBD_LL_OpenEP    usbd_conf.o
    0x0800214c   0x0000000e   Code   RO         2415    i.USBD_LL_PrepareReceive  usbd_conf.o
    0x0800215a   0x0000003e   Code   RO          362    i.USBD_LL_Reset     usbd_core.o
    0x08002198   0x0000000c   Code   RO          363    i.USBD_LL_Resume    usbd_core.o
    0x080021a4   0x00000018   Code   RO          364    i.USBD_LL_SOF       usbd_core.o
    0x080021bc   0x00000006   Code   RO          365    i.USBD_LL_SetSpeed  usbd_core.o
    0x080021c2   0x0000000e   Code   RO         2416    i.USBD_LL_SetUSBAddress  usbd_conf.o
    0x080021d0   0x0000005a   Code   RO          366    i.USBD_LL_SetupStage  usbd_core.o
    0x0800222a   0x0000000e   Code   RO         2417    i.USBD_LL_StallEP   usbd_conf.o
    0x08002238   0x0000000e   Code   RO         2418    i.USBD_LL_Start     usbd_conf.o
    0x08002246   0x00000012   Code   RO          367    i.USBD_LL_Suspend   usbd_core.o
    0x08002258   0x0000000e   Code   RO         2420    i.USBD_LL_Transmit  usbd_conf.o
    0x08002266   0x00000028   Code   RO          231    i.USBD_ParseSetupRequest  usbd_ctlreq.o
    0x0800228e   0x00000010   Code   RO          368    i.USBD_RegisterClass  usbd_core.o
    0x0800229e   0x00000016   Code   RO          370    i.USBD_SetClassConfig  usbd_core.o
    0x080022b4   0x00000074   Code   RO          232    i.USBD_SetConfig    usbd_ctlreq.o
    0x08002328   0x0000000a   Code   RO          371    i.USBD_Start        usbd_core.o
    0x08002332   0x000000f2   Code   RO          233    i.USBD_StdDevReq    usbd_ctlreq.o
    0x08002424   0x000000dc   Code   RO          234    i.USBD_StdEPReq     usbd_ctlreq.o
    0x08002500   0x00000034   Code   RO          235    i.USBD_StdItfReq    usbd_ctlreq.o
    0x08002534   0x00000080   Code   RO         1245    i.USB_ActivateEndpoint  stm32f4xx_ll_usb.o
    0x080025b4   0x00000034   Code   RO         1246    i.USB_ActivateSetup  stm32f4xx_ll_usb.o
    0x080025e8   0x0000006c   Code   RO         1248    i.USB_CoreInit      stm32f4xx_ll_usb.o
    0x08002654   0x00000038   Code   RO         1249    i.USB_CoreReset     stm32f4xx_ll_usb.o
    0x0800268c   0x0000006e   Code   RO         1251    i.USB_DeactivateEndpoint  stm32f4xx_ll_usb.o
    0x080026fa   0x00000018   Code   RO         1252    i.USB_DevConnect    stm32f4xx_ll_usb.o
    0x08002712   0x00000018   Code   RO         1253    i.USB_DevDisconnect  stm32f4xx_ll_usb.o
    0x0800272a   0x00000002   PAD
    0x0800272c   0x00000144   Code   RO         1254    i.USB_DevInit       stm32f4xx_ll_usb.o
    0x08002870   0x0000000c   Code   RO         1255    i.USB_DisableGlobalInt  stm32f4xx_ll_usb.o
    0x0800287c   0x00000140   Code   RO         1258    i.USB_EP0StartXfer  stm32f4xx_ll_usb.o
    0x080029bc   0x0000003e   Code   RO         1259    i.USB_EP0_OutStart  stm32f4xx_ll_usb.o
    0x080029fa   0x00000064   Code   RO         1260    i.USB_EPClearStall  stm32f4xx_ll_usb.o
    0x08002a5e   0x0000005e   Code   RO         1261    i.USB_EPSetStall    stm32f4xx_ll_usb.o
    0x08002abc   0x0000021c   Code   RO         1262    i.USB_EPStartXfer   stm32f4xx_ll_usb.o
    0x08002cd8   0x0000000c   Code   RO         1263    i.USB_EnableGlobalInt  stm32f4xx_ll_usb.o
    0x08002ce4   0x00000020   Code   RO         1264    i.USB_FlushRxFifo   stm32f4xx_ll_usb.o
    0x08002d04   0x00000024   Code   RO         1265    i.USB_FlushTxFifo   stm32f4xx_ll_usb.o
    0x08002d28   0x0000003c   Code   RO         1267    i.USB_GetDevSpeed   stm32f4xx_ll_usb.o
    0x08002d64   0x00000008   Code   RO         1269    i.USB_GetMode       stm32f4xx_ll_usb.o
    0x08002d6c   0x0000000e   Code   RO         1276    i.USB_ReadDevAllInEpInterrupt  stm32f4xx_ll_usb.o
    0x08002d7a   0x0000000e   Code   RO         1277    i.USB_ReadDevAllOutEpInterrupt  stm32f4xx_ll_usb.o
    0x08002d88   0x0000001e   Code   RO         1278    i.USB_ReadDevInEPInterrupt  stm32f4xx_ll_usb.o
    0x08002da6   0x00000010   Code   RO         1279    i.USB_ReadDevOutEPInterrupt  stm32f4xx_ll_usb.o
    0x08002db6   0x00000008   Code   RO         1280    i.USB_ReadInterrupts  stm32f4xx_ll_usb.o
    0x08002dbe   0x00000020   Code   RO         1281    i.USB_ReadPacket    stm32f4xx_ll_usb.o
    0x08002dde   0x0000002c   Code   RO         1283    i.USB_SetCurrentMode  stm32f4xx_ll_usb.o
    0x08002e0a   0x00000022   Code   RO         1284    i.USB_SetDevAddress  stm32f4xx_ll_usb.o
    0x08002e2c   0x00000028   Code   RO         1288    i.USB_WritePacket   stm32f4xx_ll_usb.o
    0x08002e54   0x0000000e   Code   RO         2806    i.__scatterload_copy  mc_w.l(handlers.o)
    0x08002e62   0x00000002   Code   RO         2807    i.__scatterload_null  mc_w.l(handlers.o)
    0x08002e64   0x0000000e   Code   RO         2808    i.__scatterload_zeroinit  mc_w.l(handlers.o)
    0x08002e72   0x00000002   PAD
    0x08002e74   0x00000050   Code   RO         2758    i.free              mc_w.l(malloc.o)
    0x08002ec4   0x0000009c   Code   RO         2289    i.main              main.o
    0x08002f60   0x0000006c   Code   RO         2759    i.malloc            mc_w.l(malloc.o)
    0x08002fcc   0x00000010   Data   RO         1075    .constdata          stm32f4xx_hal_rcc.o
    0x08002fdc   0x00000020   Data   RO         2804    Region$$Table       anon$$obj.o


    Execution Region RW_IRAM1 (Base: 0x20000000, Size: 0x00000fd0, Max: 0x00010000, ABSOLUTE, COMPRESSED[0x000000bc])

    Base Addr    Size         Type   Attr      Idx    E Section Name        Object

    0x20000000   0x000000db   Data   RW           19    .data               usbd_cdc.o
    0x200000db   0x00000001   PAD
    0x200000dc   0x00000038   Data   RW           20    .data               usbd_cdc.o
    0x20000114   0x00000001   Data   RW          236    .data               usbd_ctlreq.o
    0x20000115   0x00000003   PAD
    0x20000118   0x00000004   Data   RW         2125    .data               stm32f4xx_hal.o
    0x2000011c   0x0000001c   Data   RW         2333    .data               usbd_desc.o
    0x20000138   0x00000016   Data   RW         2334    .data               usbd_desc.o
    0x2000014e   0x00000002   PAD
    0x20000150   0x00000010   Data   RW         2627    .data               usbd_cdc_if.o
    0x20000160   0x0000000c   Data   RW         2628    .data               usbd_cdc_if.o
    0x2000016c   0x00000004   Data   RW         2720    .data               system_stm32f4xx.o
    0x20000170   0x00000004   Data   RW         2800    .data               mc_w.l(mvars.o)
    0x20000174   0x00000004   Data   RW         2801    .data               mc_w.l(mvars.o)
    0x20000178   0x00000224   Zero   RW         2251    .bss                usb_device.o
    0x2000039c   0x00000080   Zero   RW         2290    .bss                main.o
    0x2000041c   0x00000200   Zero   RW         2332    .bss                usbd_desc.o
    0x2000061c   0x000003b4   Zero   RW         2421    .bss                usbd_conf.o
    0x200009d0   0x00000200   Zero   RW         2708    HEAP                startup_stm32f401xc.o
    0x20000bd0   0x00000400   Zero   RW         2707    STACK               startup_stm32f401xc.o


==============================================================================

Image component sizes


      Code (inc. data)   RO Data    RW Data    ZI Data      Debug   Object Name

       292         34          0          0        128       2072   main.o
        36          8        404          0       1536        928   startup_stm32f401xc.o
       136         16          0          4          0       4190   stm32f4xx_hal.o
       228         14          0          0          0      31889   stm32f4xx_hal_cortex.o
       392         34          0          0          0       1844   stm32f4xx_hal_gpio.o
       150         16          0          0          0       1569   stm32f4xx_hal_msp.o
      1942          0          0          0          0      11049   stm32f4xx_hal_pcd.o
        76          0          0          0          0       1820   stm32f4xx_hal_pcd_ex.o
      1604         70         16          0          0       6175   stm32f4xx_hal_rcc.o
      1012         10          0          0          0       6299   stm32f4xx_hal_uart.o
        38         12          0          0          0       1434   stm32f4xx_it.o
      2334         52          0          0          0      20360   stm32f4xx_ll_usb.o
        84         18          0          4          0       1353   system_stm32f4xx.o
        56         18          0          0        548       2415   usb_device.o
       502         22          0        275          0     227975   usbd_cdc.o
        48          8          0         28          0       2647   usbd_cdc_if.o
       530         16          0          0        948      13414   usbd_conf.o
       626          0          0          0          0      11886   usbd_core.o
       986         30          0          1          0       7960   usbd_ctlreq.o
       212        116          0         50        512       5115   usbd_desc.o
       132          0          0          0          0       4416   usbd_ioreq.o

    ----------------------------------------------------------------------
     11434        494        452        368       3672     366810   Object Totals
         0          0         32          0          0          0   (incl. Generated)
        18          0          0          6          0          0   (incl. Padding)

    ----------------------------------------------------------------------

      Code (inc. data)   RO Data    RW Data    ZI Data      Debug   Library Member Name

        86          0          0          0          0          0   __dczerorl2.o
         0          0          0          0          0          0   entry.o
         0          0          0          0          0          0   entry10a.o
         0          0          0          0          0          0   entry11a.o
         8          4          0          0          0          0   entry2.o
         4          0          0          0          0          0   entry5.o
         0          0          0          0          0          0   entry7b.o
         0          0          0          0          0          0   entry8b.o
         8          4          0          0          0          0   entry9a.o
        30          0          0          0          0          0   handlers.o
        36          8          0          0          0         68   init.o
       188         20          0          0          0        160   malloc.o
        36          0          0          0          0         68   memcpya.o
         0          0          0          8          0          0   mvars.o

    ----------------------------------------------------------------------
       398         36          0          8          0        296   Library Totals
         2          0          0          0          0          0   (incl. Padding)

    ----------------------------------------------------------------------

      Code (inc. data)   RO Data    RW Data    ZI Data      Debug   Library Name

       396         36          0          8          0        296   mc_w.l

    ----------------------------------------------------------------------
       398         36          0          8          0        296   Library Totals

    ----------------------------------------------------------------------

==============================================================================


      Code (inc. data)   RO Data    RW Data    ZI Data      Debug   

     11832        530        452        376       3672     352186   Grand Totals
     11832        530        452        188       3672     352186   ELF Image Totals (compressed)
     11832        530        452        188          0          0   ROM Totals

==============================================================================

    Total RO  Size (Code + RO Data)                12284 (  12.00kB)
    Total RW  Size (RW Data + ZI Data)              4048 (   3.95kB)
    Total ROM Size (Code + RO Data + RW Data)      12472 (  12.18kB)

==============================================================================

